Archive member included to satisfy reference by file (symbol)

../HelloWorld_bsp//libhal_bsp.a(alt_load.o)
                              ../HelloWorld_bsp//obj/HAL/src/crt0.o (alt_load)
../HelloWorld_bsp//libhal_bsp.a(alt_main.o)
                              ../HelloWorld_bsp//obj/HAL/src/crt0.o (alt_main)
../HelloWorld_bsp//libhal_bsp.a(alt_putstr.o)
                              obj/default/hello_world_small.o (alt_putstr)
../HelloWorld_bsp//libhal_bsp.a(alt_sys_init.o)
                              ../HelloWorld_bsp//libhal_bsp.a(alt_main.o) (alt_irq_init)
../HelloWorld_bsp//libhal_bsp.a(altera_avalon_jtag_uart_write.o)
                              ../HelloWorld_bsp//libhal_bsp.a(alt_putstr.o) (altera_avalon_jtag_uart_write)
../HelloWorld_bsp//libhal_bsp.a(alt_dcache_flush_all.o)
                              ../HelloWorld_bsp//libhal_bsp.a(alt_load.o) (alt_dcache_flush_all)
../HelloWorld_bsp//libhal_bsp.a(alt_icache_flush_all.o)
                              ../HelloWorld_bsp//libhal_bsp.a(alt_load.o) (alt_icache_flush_all)
../HelloWorld_bsp//libhal_bsp.a(altera_nios2_gen2_irq.o)
                              ../HelloWorld_bsp//libhal_bsp.a(alt_sys_init.o) (altera_nios2_gen2_irq_init)
../HelloWorld_bsp//libhal_bsp.a(alt_icache_flush.o)
                              ../HelloWorld_bsp//libhal_bsp.a(alt_icache_flush_all.o) (alt_icache_flush)
/opt/intelFPGA_lite/22.1.2/nios2eds/bin/gnu/H-x86_64-pc-linux-gnu/bin/../lib/gcc/nios2-elf/12.2.1/../../../../../H-x86_64-pc-linux-gnu/nios2-elf/lib/libsmallc.a(lib_a-memcpy.o)
                              ../HelloWorld_bsp//libhal_bsp.a(alt_load.o) (memcpy)
/opt/intelFPGA_lite/22.1.2/nios2eds/bin/gnu/H-x86_64-pc-linux-gnu/bin/../lib/gcc/nios2-elf/12.2.1/../../../../../H-x86_64-pc-linux-gnu/nios2-elf/lib/libsmallc.a(lib_a-strlen.o)
                              ../HelloWorld_bsp//libhal_bsp.a(alt_putstr.o) (strlen)

Memory Configuration

Name             Origin             Length             Attributes
reset            0x0000000000001000 0x0000000000000020
onchip_memory2_0 0x0000000000001020 0x0000000000000fe0
*default*        0x0000000000000000 0xffffffffffffffff

Linker script and memory map

LOAD ../HelloWorld_bsp//obj/HAL/src/crt0.o
LOAD obj/default/hello_world_small.o
LOAD /opt/intelFPGA_lite/22.1.2/nios2eds/bin/gnu/H-x86_64-pc-linux-gnu/bin/../lib/gcc/nios2-elf/12.2.1/../../../../../H-x86_64-pc-linux-gnu/nios2-elf/lib/libstdc++.a
LOAD /opt/intelFPGA_lite/22.1.2/nios2eds/bin/gnu/H-x86_64-pc-linux-gnu/bin/../lib/gcc/nios2-elf/12.2.1/../../../../../H-x86_64-pc-linux-gnu/nios2-elf/lib/libm.a
LOAD /opt/intelFPGA_lite/22.1.2/nios2eds/bin/gnu/H-x86_64-pc-linux-gnu/bin/../lib/gcc/nios2-elf/12.2.1/libgcc.a
START GROUP
LOAD /opt/intelFPGA_lite/22.1.2/nios2eds/bin/gnu/H-x86_64-pc-linux-gnu/bin/../lib/gcc/nios2-elf/12.2.1/../../../../../H-x86_64-pc-linux-gnu/nios2-elf/lib/libsmallc.a
LOAD /opt/intelFPGA_lite/22.1.2/nios2eds/bin/gnu/H-x86_64-pc-linux-gnu/bin/../lib/gcc/nios2-elf/12.2.1/libgcc.a
LOAD ../HelloWorld_bsp//libhal_bsp.a
LOAD /opt/intelFPGA_lite/22.1.2/nios2eds/bin/gnu/H-x86_64-pc-linux-gnu/bin/../lib/gcc/nios2-elf/12.2.1/../../../../../H-x86_64-pc-linux-gnu/nios2-elf/lib/libm.a
END GROUP
LOAD /opt/intelFPGA_lite/22.1.2/nios2eds/bin/gnu/H-x86_64-pc-linux-gnu/bin/../lib/gcc/nios2-elf/12.2.1/libgcc.a
                0x0000000000001000                __alt_mem_onchip_memory2_0 = 0x1000

.entry          0x0000000000001000       0x20
 *(.entry)
 .entry         0x0000000000001000       0x20 ../HelloWorld_bsp//obj/HAL/src/crt0.o
                0x0000000000001000                __reset
                0x000000000000101c                _exit

.exceptions     0x0000000000001020        0x0
                0x0000000000001020                PROVIDE (__ram_exceptions_start = ABSOLUTE (.))
                0x0000000000001020                . = ALIGN (0x20)
 *(.irq)
 *(.exceptions.entry.label)
 *(.exceptions.entry.user)
 *(.exceptions.entry.ecc_fatal)
 *(.exceptions.entry)
 *(.exceptions.irqtest.user)
 *(.exceptions.irqtest)
 *(.exceptions.irqhandler.user)
 *(.exceptions.irqhandler)
 *(.exceptions.irqreturn.user)
 *(.exceptions.irqreturn)
 *(.exceptions.notirq.label)
 *(.exceptions.notirq.user)
 *(.exceptions.notirq)
 *(.exceptions.soft.user)
 *(.exceptions.soft)
 *(.exceptions.unknown.user)
 *(.exceptions.unknown)
 *(.exceptions.exit.label)
 *(.exceptions.exit.user)
 *(.exceptions.exit)
 *(.exceptions)
                0x0000000000001020                PROVIDE (__ram_exceptions_end = ABSOLUTE (.))
                0x0000000000001020                PROVIDE (__flash_exceptions_start = LOADADDR (.exceptions))

.text           0x0000000000001020      0x26c
                [!provide]                        PROVIDE (stext = ABSOLUTE (.))
 *(.interp)
 *(.hash)
 *(.dynsym)
 *(.dynstr)
 *(.gnu.version)
 *(.gnu.version_d)
 *(.gnu.version_r)
 *(.rel.init)
 *(.rela.init)
 *(.rel.text .rel.text.* .rel.gnu.linkonce.t.*)
 *(.rela.text .rela.text.* .rela.gnu.linkonce.t.*)
 *(.rel.fini)
 *(.rela.fini)
 *(.rel.rodata .rel.rodata.* .rel.gnu.linkonce.r.*)
 *(.rela.rodata .rela.rodata.* .rela.gnu.linkonce.r.*)
 *(.rel.data .rel.data.* .rel.gnu.linkonce.d.*)
 *(.rela.data .rela.data.* .rela.gnu.linkonce.d.*)
 *(.rel.tdata .rel.tdata.* .rel.gnu.linkonce.td.*)
 *(.rela.tdata .rela.tdata.* .rela.gnu.linkonce.td.*)
 *(.rel.tbss .rel.tbss.* .rel.gnu.linkonce.tb.*)
 *(.rela.tbss .rela.tbss.* .rela.gnu.linkonce.tb.*)
 *(.rel.ctors)
 *(.rela.ctors)
 *(.rel.dtors)
 *(.rela.dtors)
 *(.rel.got)
 *(.rela.got)
 *(.rel.sdata .rel.sdata.* .rel.gnu.linkonce.s.*)
 *(.rela.sdata .rela.sdata.* .rela.gnu.linkonce.s.*)
 *(.rel.sbss .rel.sbss.* .rel.gnu.linkonce.sb.*)
 *(.rela.sbss .rela.sbss.* .rela.gnu.linkonce.sb.*)
 *(.rel.sdata2 .rel.sdata2.* .rel.gnu.linkonce.s2.*)
 *(.rela.sdata2 .rela.sdata2.* .rela.gnu.linkonce.s2.*)
 *(.rel.sbss2 .rel.sbss2.* .rel.gnu.linkonce.sb2.*)
 *(.rela.sbss2 .rela.sbss2.* .rela.gnu.linkonce.sb2.*)
 *(.rel.bss .rel.bss.* .rel.gnu.linkonce.b.*)
 *(.rela.bss .rela.bss.* .rela.gnu.linkonce.b.*)
 *(.rel.plt)
 *(.rela.plt)
 *(.rel.dyn)
 *(.init)
 *(.plt)
 *(.text .stub .text.* .gnu.linkonce.t.*)
 .text          0x0000000000001020       0x4c ../HelloWorld_bsp//obj/HAL/src/crt0.o
                0x0000000000001020                _start
 .text          0x000000000000106c        0x0 obj/default/hello_world_small.o
 .text.startup  0x000000000000106c       0x18 obj/default/hello_world_small.o
                0x000000000000106c                main
 .text          0x0000000000001084       0x84 ../HelloWorld_bsp//libhal_bsp.a(alt_load.o)
                0x0000000000001084                alt_load
 .text          0x0000000000001108       0x2c ../HelloWorld_bsp//libhal_bsp.a(alt_main.o)
                0x0000000000001108                alt_main
 .text          0x0000000000001134       0x38 ../HelloWorld_bsp//libhal_bsp.a(alt_putstr.o)
                0x0000000000001134                alt_putstr
 .text          0x000000000000116c       0x24 ../HelloWorld_bsp//libhal_bsp.a(alt_sys_init.o)
                0x000000000000116c                alt_irq_init
                0x000000000000118c                alt_sys_init
 .text          0x0000000000001190       0x30 ../HelloWorld_bsp//libhal_bsp.a(altera_avalon_jtag_uart_write.o)
                0x0000000000001190                altera_avalon_jtag_uart_write
 .text          0x00000000000011c0       0x18 ../HelloWorld_bsp//libhal_bsp.a(alt_dcache_flush_all.o)
                0x00000000000011c0                alt_dcache_flush_all
 .text          0x00000000000011d8        0xc ../HelloWorld_bsp//libhal_bsp.a(alt_icache_flush_all.o)
                0x00000000000011d8                alt_icache_flush_all
 .text          0x00000000000011e4        0x8 ../HelloWorld_bsp//libhal_bsp.a(altera_nios2_gen2_irq.o)
                0x00000000000011e4                altera_nios2_gen2_irq_init
 .text          0x00000000000011ec       0x5c ../HelloWorld_bsp//libhal_bsp.a(alt_icache_flush.o)
                0x00000000000011ec                alt_icache_flush
 .text          0x0000000000001248        0x0 /opt/intelFPGA_lite/22.1.2/nios2eds/bin/gnu/H-x86_64-pc-linux-gnu/bin/../lib/gcc/nios2-elf/12.2.1/../../../../../H-x86_64-pc-linux-gnu/nios2-elf/lib/libsmallc.a(lib_a-memcpy.o)
 .text.memcpy   0x0000000000001248       0x28 /opt/intelFPGA_lite/22.1.2/nios2eds/bin/gnu/H-x86_64-pc-linux-gnu/bin/../lib/gcc/nios2-elf/12.2.1/../../../../../H-x86_64-pc-linux-gnu/nios2-elf/lib/libsmallc.a(lib_a-memcpy.o)
                0x0000000000001248                memcpy
 .text          0x0000000000001270        0x0 /opt/intelFPGA_lite/22.1.2/nios2eds/bin/gnu/H-x86_64-pc-linux-gnu/bin/../lib/gcc/nios2-elf/12.2.1/../../../../../H-x86_64-pc-linux-gnu/nios2-elf/lib/libsmallc.a(lib_a-strlen.o)
 .text.strlen   0x0000000000001270       0x1c /opt/intelFPGA_lite/22.1.2/nios2eds/bin/gnu/H-x86_64-pc-linux-gnu/bin/../lib/gcc/nios2-elf/12.2.1/../../../../../H-x86_64-pc-linux-gnu/nios2-elf/lib/libsmallc.a(lib_a-strlen.o)
                0x0000000000001270                strlen
 *(.gnu.warning.*)
 *(.fini)
                [!provide]                        PROVIDE (__etext = ABSOLUTE (.))
                [!provide]                        PROVIDE (_etext = ABSOLUTE (.))
                [!provide]                        PROVIDE (etext = ABSOLUTE (.))
 *(.eh_frame_hdr)
                0x000000000000128c                . = ALIGN (0x4)
                [!provide]                        PROVIDE (__preinit_array_start = ABSOLUTE (.))
 *(.preinit_array)
                [!provide]                        PROVIDE (__preinit_array_end = ABSOLUTE (.))
                [!provide]                        PROVIDE (__init_array_start = ABSOLUTE (.))
 *(.init_array)
                [!provide]                        PROVIDE (__init_array_end = ABSOLUTE (.))
                [!provide]                        PROVIDE (__fini_array_start = ABSOLUTE (.))
 *(.fini_array)
                [!provide]                        PROVIDE (__fini_array_end = ABSOLUTE (.))
 *(.eh_frame)
 *(.gcc_except_table .gcc_except_table.*)
 *(.dynamic)
                [!provide]                        PROVIDE (__CTOR_LIST__ = ABSOLUTE (.))
 *(.ctors)
 *(SORT_BY_NAME(.ctors.*))
                [!provide]                        PROVIDE (__CTOR_END__ = ABSOLUTE (.))
                [!provide]                        PROVIDE (__DTOR_LIST__ = ABSOLUTE (.))
 *(.dtors)
 *(SORT_BY_NAME(.dtors.*))
                [!provide]                        PROVIDE (__DTOR_END__ = ABSOLUTE (.))
 *(.jcr)
                0x000000000000128c                . = ALIGN (0x4)

.rodata         0x000000000000128c       0x18
                0x000000000000128c                PROVIDE (__ram_rodata_start = ABSOLUTE (.))
                0x000000000000128c                . = ALIGN (0x4)
 *(.rodata .rodata.* .gnu.linkonce.r.*)
 .rodata.str1.4
                0x000000000000128c       0x15 obj/default/hello_world_small.o
 *(.rodata1)
                0x00000000000012a4                . = ALIGN (0x4)
 *fill*         0x00000000000012a1        0x3 
                0x00000000000012a4                PROVIDE (__ram_rodata_end = ABSOLUTE (.))
                0x000000000000128c                PROVIDE (__flash_rodata_start = LOADADDR (.rodata))

.rwdata         0x00000000000012a4        0x4 load address 0x00000000000012a8
                0x00000000000012a4                PROVIDE (__ram_rwdata_start = ABSOLUTE (.))
                0x00000000000012a4                . = ALIGN (0x4)
 *(.got.plt)
 *(.got)
 *(.data1)
 *(.data .data.* .gnu.linkonce.d.*)
 .data          0x00000000000012a4        0x0 ../HelloWorld_bsp//obj/HAL/src/crt0.o
 .data          0x00000000000012a4        0x0 obj/default/hello_world_small.o
 .data          0x00000000000012a4        0x0 ../HelloWorld_bsp//libhal_bsp.a(alt_load.o)
 .data          0x00000000000012a4        0x0 ../HelloWorld_bsp//libhal_bsp.a(alt_main.o)
 .data          0x00000000000012a4        0x0 ../HelloWorld_bsp//libhal_bsp.a(alt_putstr.o)
 .data          0x00000000000012a4        0x0 ../HelloWorld_bsp//libhal_bsp.a(alt_sys_init.o)
 .data          0x00000000000012a4        0x0 ../HelloWorld_bsp//libhal_bsp.a(altera_avalon_jtag_uart_write.o)
 .data          0x00000000000012a4        0x0 ../HelloWorld_bsp//libhal_bsp.a(alt_dcache_flush_all.o)
 .data          0x00000000000012a4        0x0 ../HelloWorld_bsp//libhal_bsp.a(alt_icache_flush_all.o)
 .data          0x00000000000012a4        0x0 ../HelloWorld_bsp//libhal_bsp.a(altera_nios2_gen2_irq.o)
 .data          0x00000000000012a4        0x0 ../HelloWorld_bsp//libhal_bsp.a(alt_icache_flush.o)
 .data          0x00000000000012a4        0x0 /opt/intelFPGA_lite/22.1.2/nios2eds/bin/gnu/H-x86_64-pc-linux-gnu/bin/../lib/gcc/nios2-elf/12.2.1/../../../../../H-x86_64-pc-linux-gnu/nios2-elf/lib/libsmallc.a(lib_a-memcpy.o)
 .data          0x00000000000012a4        0x0 /opt/intelFPGA_lite/22.1.2/nios2eds/bin/gnu/H-x86_64-pc-linux-gnu/bin/../lib/gcc/nios2-elf/12.2.1/../../../../../H-x86_64-pc-linux-gnu/nios2-elf/lib/libsmallc.a(lib_a-strlen.o)
                0x00000000000092a4                _gp = ABSOLUTE ((. + 0x8000))
                [!provide]                        PROVIDE (gp = _gp)
 *(.rwdata .rwdata.*)
 *(.sdata .sdata.* .gnu.linkonce.s.*)
 .sdata         0x00000000000012a4        0x4 ../HelloWorld_bsp//libhal_bsp.a(alt_sys_init.o)
                0x00000000000012a4                jtag_uart_0
 *(.sdata2 .sdata2.* .gnu.linkonce.s2.*)
                0x00000000000012a8                . = ALIGN (0x4)
                0x00000000000012a8                _edata = ABSOLUTE (.)
                [!provide]                        PROVIDE (edata = ABSOLUTE (.))
                0x00000000000012a8                PROVIDE (__ram_rwdata_end = ABSOLUTE (.))
                0x00000000000012a8                PROVIDE (__flash_rwdata_start = LOADADDR (.rwdata))

.bss            0x00000000000012ac        0xc
                0x00000000000012ac                __bss_start = ABSOLUTE (.)
                [!provide]                        PROVIDE (__sbss_start = ABSOLUTE (.))
                [!provide]                        PROVIDE (___sbss_start = ABSOLUTE (.))
 *(.dynsbss)
 *(.sbss .sbss.* .gnu.linkonce.sb.*)
 .sbss          0x00000000000012ac        0xc ../HelloWorld_bsp//libhal_bsp.a(alt_main.o)
                0x00000000000012ac                alt_envp
                0x00000000000012b0                alt_argv
                0x00000000000012b4                alt_argc
 *(.sbss2 .sbss2.* .gnu.linkonce.sb2.*)
 *(.scommon)
                [!provide]                        PROVIDE (__sbss_end = ABSOLUTE (.))
                [!provide]                        PROVIDE (___sbss_end = ABSOLUTE (.))
 *(.dynbss)
 *(.bss .bss.* .gnu.linkonce.b.*)
 .bss           0x00000000000012b8        0x0 ../HelloWorld_bsp//obj/HAL/src/crt0.o
 .bss           0x00000000000012b8        0x0 obj/default/hello_world_small.o
 .bss           0x00000000000012b8        0x0 ../HelloWorld_bsp//libhal_bsp.a(alt_load.o)
 .bss           0x00000000000012b8        0x0 ../HelloWorld_bsp//libhal_bsp.a(alt_main.o)
 .bss           0x00000000000012b8        0x0 ../HelloWorld_bsp//libhal_bsp.a(alt_putstr.o)
 .bss           0x00000000000012b8        0x0 ../HelloWorld_bsp//libhal_bsp.a(alt_sys_init.o)
 .bss           0x00000000000012b8        0x0 ../HelloWorld_bsp//libhal_bsp.a(altera_avalon_jtag_uart_write.o)
 .bss           0x00000000000012b8        0x0 ../HelloWorld_bsp//libhal_bsp.a(alt_dcache_flush_all.o)
 .bss           0x00000000000012b8        0x0 ../HelloWorld_bsp//libhal_bsp.a(alt_icache_flush_all.o)
 .bss           0x00000000000012b8        0x0 ../HelloWorld_bsp//libhal_bsp.a(altera_nios2_gen2_irq.o)
 .bss           0x00000000000012b8        0x0 ../HelloWorld_bsp//libhal_bsp.a(alt_icache_flush.o)
 .bss           0x00000000000012b8        0x0 /opt/intelFPGA_lite/22.1.2/nios2eds/bin/gnu/H-x86_64-pc-linux-gnu/bin/../lib/gcc/nios2-elf/12.2.1/../../../../../H-x86_64-pc-linux-gnu/nios2-elf/lib/libsmallc.a(lib_a-memcpy.o)
 .bss           0x00000000000012b8        0x0 /opt/intelFPGA_lite/22.1.2/nios2eds/bin/gnu/H-x86_64-pc-linux-gnu/bin/../lib/gcc/nios2-elf/12.2.1/../../../../../H-x86_64-pc-linux-gnu/nios2-elf/lib/libsmallc.a(lib_a-strlen.o)
 *(COMMON)
                0x00000000000012b8                . = ALIGN (0x4)
                0x00000000000012b8                __bss_end = ABSOLUTE (.)

.onchip_memory2_0
                0x00000000000012b8        0x0
                [!provide]                        PROVIDE (_alt_partition_onchip_memory2_0_start = ABSOLUTE (.))
 *(.onchip_memory2_0 .onchip_memory2_0. onchip_memory2_0.*)
                0x00000000000012b8                . = ALIGN (0x4)
                [!provide]                        PROVIDE (_alt_partition_onchip_memory2_0_end = ABSOLUTE (.))
                0x00000000000012b8                _end = ABSOLUTE (.)
                0x00000000000012b8                end = ABSOLUTE (.)
                0x00000000000012b8                __alt_stack_base = ABSOLUTE (.)
                [!provide]                        PROVIDE (_alt_partition_onchip_memory2_0_load_addr = LOADADDR (.onchip_memory2_0))

.stab
 *(.stab)

.stabstr
 *(.stabstr)

.stab.excl
 *(.stab.excl)

.stab.exclstr
 *(.stab.exclstr)

.stab.index
 *(.stab.index)

.stab.indexstr
 *(.stab.indexstr)

.comment        0x0000000000000000       0x2d
 *(.comment)
 .comment       0x0000000000000000       0x2d obj/default/hello_world_small.o
                                         0x2e (size before relaxing)
 .comment       0x000000000000002d       0x2e ../HelloWorld_bsp//libhal_bsp.a(alt_load.o)
 .comment       0x000000000000002d       0x2e ../HelloWorld_bsp//libhal_bsp.a(alt_main.o)
 .comment       0x000000000000002d       0x2e ../HelloWorld_bsp//libhal_bsp.a(alt_putstr.o)
 .comment       0x000000000000002d       0x2e ../HelloWorld_bsp//libhal_bsp.a(alt_sys_init.o)
 .comment       0x000000000000002d       0x2e ../HelloWorld_bsp//libhal_bsp.a(altera_avalon_jtag_uart_write.o)
 .comment       0x000000000000002d       0x2e ../HelloWorld_bsp//libhal_bsp.a(alt_dcache_flush_all.o)
 .comment       0x000000000000002d       0x2e ../HelloWorld_bsp//libhal_bsp.a(alt_icache_flush_all.o)
 .comment       0x000000000000002d       0x2e ../HelloWorld_bsp//libhal_bsp.a(altera_nios2_gen2_irq.o)
 .comment       0x000000000000002d       0x2e ../HelloWorld_bsp//libhal_bsp.a(alt_icache_flush.o)
 .comment       0x000000000000002d       0x2e /opt/intelFPGA_lite/22.1.2/nios2eds/bin/gnu/H-x86_64-pc-linux-gnu/bin/../lib/gcc/nios2-elf/12.2.1/../../../../../H-x86_64-pc-linux-gnu/nios2-elf/lib/libsmallc.a(lib_a-memcpy.o)
 .comment       0x000000000000002d       0x2e /opt/intelFPGA_lite/22.1.2/nios2eds/bin/gnu/H-x86_64-pc-linux-gnu/bin/../lib/gcc/nios2-elf/12.2.1/../../../../../H-x86_64-pc-linux-gnu/nios2-elf/lib/libsmallc.a(lib_a-strlen.o)

.debug
 *(.debug)

.line
 *(.line)

.debug_srcinfo
 *(.debug_srcinfo)

.debug_sfnames
 *(.debug_sfnames)

.debug_aranges  0x0000000000000000      0x1a8
 *(.debug_aranges)
 .debug_aranges
                0x0000000000000000       0x28 ../HelloWorld_bsp//obj/HAL/src/crt0.o
 .debug_aranges
                0x0000000000000028       0x20 obj/default/hello_world_small.o
 .debug_aranges
                0x0000000000000048       0x20 ../HelloWorld_bsp//libhal_bsp.a(alt_load.o)
 .debug_aranges
                0x0000000000000068       0x20 ../HelloWorld_bsp//libhal_bsp.a(alt_main.o)
 .debug_aranges
                0x0000000000000088       0x20 ../HelloWorld_bsp//libhal_bsp.a(alt_putstr.o)
 .debug_aranges
                0x00000000000000a8       0x20 ../HelloWorld_bsp//libhal_bsp.a(alt_sys_init.o)
 .debug_aranges
                0x00000000000000c8       0x20 ../HelloWorld_bsp//libhal_bsp.a(altera_avalon_jtag_uart_write.o)
 .debug_aranges
                0x00000000000000e8       0x20 ../HelloWorld_bsp//libhal_bsp.a(alt_dcache_flush_all.o)
 .debug_aranges
                0x0000000000000108       0x20 ../HelloWorld_bsp//libhal_bsp.a(alt_icache_flush_all.o)
 .debug_aranges
                0x0000000000000128       0x20 ../HelloWorld_bsp//libhal_bsp.a(altera_nios2_gen2_irq.o)
 .debug_aranges
                0x0000000000000148       0x20 ../HelloWorld_bsp//libhal_bsp.a(alt_icache_flush.o)
 .debug_aranges
                0x0000000000000168       0x20 /opt/intelFPGA_lite/22.1.2/nios2eds/bin/gnu/H-x86_64-pc-linux-gnu/bin/../lib/gcc/nios2-elf/12.2.1/../../../../../H-x86_64-pc-linux-gnu/nios2-elf/lib/libsmallc.a(lib_a-memcpy.o)
 .debug_aranges
                0x0000000000000188       0x20 /opt/intelFPGA_lite/22.1.2/nios2eds/bin/gnu/H-x86_64-pc-linux-gnu/bin/../lib/gcc/nios2-elf/12.2.1/../../../../../H-x86_64-pc-linux-gnu/nios2-elf/lib/libsmallc.a(lib_a-strlen.o)

.debug_pubnames
 *(.debug_pubnames)

.debug_info     0x0000000000000000      0xcbf
 *(.debug_info .gnu.linkonce.wi.*)
 .debug_info    0x0000000000000000       0x22 ../HelloWorld_bsp//obj/HAL/src/crt0.o
 .debug_info    0x0000000000000022       0x80 obj/default/hello_world_small.o
 .debug_info    0x00000000000000a2      0x239 ../HelloWorld_bsp//libhal_bsp.a(alt_load.o)
 .debug_info    0x00000000000002db      0x13e ../HelloWorld_bsp//libhal_bsp.a(alt_main.o)
 .debug_info    0x0000000000000419      0x15c ../HelloWorld_bsp//libhal_bsp.a(alt_putstr.o)
 .debug_info    0x0000000000000575      0x127 ../HelloWorld_bsp//libhal_bsp.a(alt_sys_init.o)
 .debug_info    0x000000000000069c      0x149 ../HelloWorld_bsp//libhal_bsp.a(altera_avalon_jtag_uart_write.o)
 .debug_info    0x00000000000007e5       0xa6 ../HelloWorld_bsp//libhal_bsp.a(alt_dcache_flush_all.o)
 .debug_info    0x000000000000088b       0xc9 ../HelloWorld_bsp//libhal_bsp.a(alt_icache_flush_all.o)
 .debug_info    0x0000000000000954       0x8d ../HelloWorld_bsp//libhal_bsp.a(altera_nios2_gen2_irq.o)
 .debug_info    0x00000000000009e1       0xec ../HelloWorld_bsp//libhal_bsp.a(alt_icache_flush.o)
 .debug_info    0x0000000000000acd      0x121 /opt/intelFPGA_lite/22.1.2/nios2eds/bin/gnu/H-x86_64-pc-linux-gnu/bin/../lib/gcc/nios2-elf/12.2.1/../../../../../H-x86_64-pc-linux-gnu/nios2-elf/lib/libsmallc.a(lib_a-memcpy.o)
 .debug_info    0x0000000000000bee       0xd1 /opt/intelFPGA_lite/22.1.2/nios2eds/bin/gnu/H-x86_64-pc-linux-gnu/bin/../lib/gcc/nios2-elf/12.2.1/../../../../../H-x86_64-pc-linux-gnu/nios2-elf/lib/libsmallc.a(lib_a-strlen.o)

.debug_abbrev   0x0000000000000000      0x87c
 *(.debug_abbrev)
 .debug_abbrev  0x0000000000000000       0x12 ../HelloWorld_bsp//obj/HAL/src/crt0.o
 .debug_abbrev  0x0000000000000012       0x83 obj/default/hello_world_small.o
 .debug_abbrev  0x0000000000000095      0x12c ../HelloWorld_bsp//libhal_bsp.a(alt_load.o)
 .debug_abbrev  0x00000000000001c1       0xeb ../HelloWorld_bsp//libhal_bsp.a(alt_main.o)
 .debug_abbrev  0x00000000000002ac       0xd3 ../HelloWorld_bsp//libhal_bsp.a(alt_putstr.o)
 .debug_abbrev  0x000000000000037f      0x107 ../HelloWorld_bsp//libhal_bsp.a(alt_sys_init.o)
 .debug_abbrev  0x0000000000000486       0xdc ../HelloWorld_bsp//libhal_bsp.a(altera_avalon_jtag_uart_write.o)
 .debug_abbrev  0x0000000000000562       0x60 ../HelloWorld_bsp//libhal_bsp.a(alt_dcache_flush_all.o)
 .debug_abbrev  0x00000000000005c2       0x8a ../HelloWorld_bsp//libhal_bsp.a(alt_icache_flush_all.o)
 .debug_abbrev  0x000000000000064c       0x43 ../HelloWorld_bsp//libhal_bsp.a(altera_nios2_gen2_irq.o)
 .debug_abbrev  0x000000000000068f       0xa0 ../HelloWorld_bsp//libhal_bsp.a(alt_icache_flush.o)
 .debug_abbrev  0x000000000000072f       0xc1 /opt/intelFPGA_lite/22.1.2/nios2eds/bin/gnu/H-x86_64-pc-linux-gnu/bin/../lib/gcc/nios2-elf/12.2.1/../../../../../H-x86_64-pc-linux-gnu/nios2-elf/lib/libsmallc.a(lib_a-memcpy.o)
 .debug_abbrev  0x00000000000007f0       0x8c /opt/intelFPGA_lite/22.1.2/nios2eds/bin/gnu/H-x86_64-pc-linux-gnu/bin/../lib/gcc/nios2-elf/12.2.1/../../../../../H-x86_64-pc-linux-gnu/nios2-elf/lib/libsmallc.a(lib_a-strlen.o)

.debug_line     0x0000000000000000      0x6cb
 *(.debug_line)
 .debug_line    0x0000000000000000       0x72 ../HelloWorld_bsp//obj/HAL/src/crt0.o
 .debug_line    0x0000000000000072       0x6e obj/default/hello_world_small.o
 .debug_line    0x00000000000000e0       0xd2 ../HelloWorld_bsp//libhal_bsp.a(alt_load.o)
 .debug_line    0x00000000000001b2       0xa2 ../HelloWorld_bsp//libhal_bsp.a(alt_main.o)
 .debug_line    0x0000000000000254       0x79 ../HelloWorld_bsp//libhal_bsp.a(alt_putstr.o)
 .debug_line    0x00000000000002cd       0x8e ../HelloWorld_bsp//libhal_bsp.a(alt_sys_init.o)
 .debug_line    0x000000000000035b       0x93 ../HelloWorld_bsp//libhal_bsp.a(altera_avalon_jtag_uart_write.o)
 .debug_line    0x00000000000003ee       0x70 ../HelloWorld_bsp//libhal_bsp.a(alt_dcache_flush_all.o)
 .debug_line    0x000000000000045e       0x67 ../HelloWorld_bsp//libhal_bsp.a(alt_icache_flush_all.o)
 .debug_line    0x00000000000004c5       0x54 ../HelloWorld_bsp//libhal_bsp.a(altera_nios2_gen2_irq.o)
 .debug_line    0x0000000000000519       0xaa ../HelloWorld_bsp//libhal_bsp.a(alt_icache_flush.o)
 .debug_line    0x00000000000005c3       0x8c /opt/intelFPGA_lite/22.1.2/nios2eds/bin/gnu/H-x86_64-pc-linux-gnu/bin/../lib/gcc/nios2-elf/12.2.1/../../../../../H-x86_64-pc-linux-gnu/nios2-elf/lib/libsmallc.a(lib_a-memcpy.o)
 .debug_line    0x000000000000064f       0x7c /opt/intelFPGA_lite/22.1.2/nios2eds/bin/gnu/H-x86_64-pc-linux-gnu/bin/../lib/gcc/nios2-elf/12.2.1/../../../../../H-x86_64-pc-linux-gnu/nios2-elf/lib/libsmallc.a(lib_a-strlen.o)

.debug_frame    0x0000000000000000      0x1cc
 *(.debug_frame)
 .debug_frame   0x0000000000000000       0x28 obj/default/hello_world_small.o
 .debug_frame   0x0000000000000028       0x2c ../HelloWorld_bsp//libhal_bsp.a(alt_load.o)
 .debug_frame   0x0000000000000054       0x2c ../HelloWorld_bsp//libhal_bsp.a(alt_main.o)
 .debug_frame   0x0000000000000080       0x30 ../HelloWorld_bsp//libhal_bsp.a(alt_putstr.o)
 .debug_frame   0x00000000000000b0       0x3c ../HelloWorld_bsp//libhal_bsp.a(alt_sys_init.o)
 .debug_frame   0x00000000000000ec       0x20 ../HelloWorld_bsp//libhal_bsp.a(altera_avalon_jtag_uart_write.o)
 .debug_frame   0x000000000000010c       0x20 ../HelloWorld_bsp//libhal_bsp.a(alt_dcache_flush_all.o)
 .debug_frame   0x000000000000012c       0x20 ../HelloWorld_bsp//libhal_bsp.a(alt_icache_flush_all.o)
 .debug_frame   0x000000000000014c       0x20 ../HelloWorld_bsp//libhal_bsp.a(altera_nios2_gen2_irq.o)
 .debug_frame   0x000000000000016c       0x20 ../HelloWorld_bsp//libhal_bsp.a(alt_icache_flush.o)
 .debug_frame   0x000000000000018c       0x20 /opt/intelFPGA_lite/22.1.2/nios2eds/bin/gnu/H-x86_64-pc-linux-gnu/bin/../lib/gcc/nios2-elf/12.2.1/../../../../../H-x86_64-pc-linux-gnu/nios2-elf/lib/libsmallc.a(lib_a-memcpy.o)
 .debug_frame   0x00000000000001ac       0x20 /opt/intelFPGA_lite/22.1.2/nios2eds/bin/gnu/H-x86_64-pc-linux-gnu/bin/../lib/gcc/nios2-elf/12.2.1/../../../../../H-x86_64-pc-linux-gnu/nios2-elf/lib/libsmallc.a(lib_a-strlen.o)

.debug_str      0x0000000000000000      0x3cd
 *(.debug_str)
 .debug_str     0x0000000000000000       0x74 ../HelloWorld_bsp//obj/HAL/src/crt0.o
 .debug_str     0x0000000000000074       0x5b obj/default/hello_world_small.o
                                         0x65 (size before relaxing)
 .debug_str     0x00000000000000cf      0x175 ../HelloWorld_bsp//libhal_bsp.a(alt_load.o)
                                        0x205 (size before relaxing)
 .debug_str     0x0000000000000244       0x4b ../HelloWorld_bsp//libhal_bsp.a(alt_main.o)
                                        0x135 (size before relaxing)
 .debug_str     0x000000000000028f       0x58 ../HelloWorld_bsp//libhal_bsp.a(alt_putstr.o)
                                        0x148 (size before relaxing)
 .debug_str     0x00000000000002e7       0x5c ../HelloWorld_bsp//libhal_bsp.a(alt_sys_init.o)
                                        0x187 (size before relaxing)
 .debug_str     0x0000000000000343       0x13 ../HelloWorld_bsp//libhal_bsp.a(altera_avalon_jtag_uart_write.o)
                                        0x159 (size before relaxing)
 .debug_str     0x0000000000000356       0xfa ../HelloWorld_bsp//libhal_bsp.a(alt_dcache_flush_all.o)
 .debug_str     0x0000000000000356       0x11 ../HelloWorld_bsp//libhal_bsp.a(alt_icache_flush_all.o)
                                        0x113 (size before relaxing)
 .debug_str     0x0000000000000367      0x100 ../HelloWorld_bsp//libhal_bsp.a(altera_nios2_gen2_irq.o)
 .debug_str     0x0000000000000367       0x11 ../HelloWorld_bsp//libhal_bsp.a(alt_icache_flush.o)
                                        0x104 (size before relaxing)
 .debug_str     0x0000000000000367       0x66 /opt/intelFPGA_lite/22.1.2/nios2eds/bin/gnu/H-x86_64-pc-linux-gnu/bin/../lib/gcc/nios2-elf/12.2.1/../../../../../H-x86_64-pc-linux-gnu/nios2-elf/lib/libsmallc.a(lib_a-memcpy.o)
                                        0x109 (size before relaxing)
 .debug_str     0x00000000000003cd       0xfb /opt/intelFPGA_lite/22.1.2/nios2eds/bin/gnu/H-x86_64-pc-linux-gnu/bin/../lib/gcc/nios2-elf/12.2.1/../../../../../H-x86_64-pc-linux-gnu/nios2-elf/lib/libsmallc.a(lib_a-strlen.o)

.debug_loc
 *(.debug_loc)

.debug_macinfo
 *(.debug_macinfo)

.debug_weaknames
 *(.debug_weaknames)

.debug_funcnames
 *(.debug_funcnames)

.debug_typenames
 *(.debug_typenames)

.debug_varnames
 *(.debug_varnames)

.debug_alt_sim_info
                0x0000000000000000       0x30
 *(.debug_alt_sim_info)
 .debug_alt_sim_info
                0x0000000000000000       0x30 ../HelloWorld_bsp//obj/HAL/src/crt0.o
                0x0000000000002000                __alt_data_end = 0x2000
                0x0000000000002000                PROVIDE (__alt_stack_pointer = __alt_data_end)
                [!provide]                        PROVIDE (__alt_stack_limit = __alt_stack_base)
                [!provide]                        PROVIDE (__alt_heap_start = end)
                [!provide]                        PROVIDE (__alt_heap_limit = 0x2000)
OUTPUT(HelloWorld.elf elf32-littlenios2)
LOAD linker stubs

.debug_ranges   0x0000000000000000       0x20
 .debug_ranges  0x0000000000000000       0x20 ../HelloWorld_bsp//obj/HAL/src/crt0.o

.debug_rnglists
                0x0000000000000000       0x6f
 .debug_rnglists
                0x0000000000000000       0x13 obj/default/hello_world_small.o
 .debug_rnglists
                0x0000000000000013       0x23 ../HelloWorld_bsp//libhal_bsp.a(alt_load.o)
 .debug_rnglists
                0x0000000000000036       0x13 ../HelloWorld_bsp//libhal_bsp.a(alt_icache_flush.o)
 .debug_rnglists
                0x0000000000000049       0x13 /opt/intelFPGA_lite/22.1.2/nios2eds/bin/gnu/H-x86_64-pc-linux-gnu/bin/../lib/gcc/nios2-elf/12.2.1/../../../../../H-x86_64-pc-linux-gnu/nios2-elf/lib/libsmallc.a(lib_a-memcpy.o)
 .debug_rnglists
                0x000000000000005c       0x13 /opt/intelFPGA_lite/22.1.2/nios2eds/bin/gnu/H-x86_64-pc-linux-gnu/bin/../lib/gcc/nios2-elf/12.2.1/../../../../../H-x86_64-pc-linux-gnu/nios2-elf/lib/libsmallc.a(lib_a-strlen.o)

.debug_line_str
                0x0000000000000000      0x567
 .debug_line_str
                0x0000000000000000       0x91 obj/default/hello_world_small.o
                                        0x10b (size before relaxing)
 .debug_line_str
                0x0000000000000091       0xb7 ../HelloWorld_bsp//libhal_bsp.a(alt_load.o)
                                        0x12b (size before relaxing)
 .debug_line_str
                0x0000000000000148       0x4a ../HelloWorld_bsp//libhal_bsp.a(alt_main.o)
                                        0x12a (size before relaxing)
 .debug_line_str
                0x0000000000000192       0xde ../HelloWorld_bsp//libhal_bsp.a(alt_putstr.o)
                                        0x1b4 (size before relaxing)
 .debug_line_str
                0x0000000000000270       0x4f ../HelloWorld_bsp//libhal_bsp.a(alt_sys_init.o)
                                        0x13b (size before relaxing)
 .debug_line_str
                0x00000000000002bf       0x38 ../HelloWorld_bsp//libhal_bsp.a(altera_avalon_jtag_uart_write.o)
                                        0x16e (size before relaxing)
 .debug_line_str
                0x00000000000002f7       0x1f ../HelloWorld_bsp//libhal_bsp.a(alt_dcache_flush_all.o)
                                        0x109 (size before relaxing)
 .debug_line_str
                0x0000000000000316       0x1f ../HelloWorld_bsp//libhal_bsp.a(alt_icache_flush_all.o)
                                        0x139 (size before relaxing)
 .debug_line_str
                0x0000000000000335       0x20 ../HelloWorld_bsp//libhal_bsp.a(altera_nios2_gen2_irq.o)
                                        0x10c (size before relaxing)
 .debug_line_str
                0x0000000000000355       0x1b ../HelloWorld_bsp//libhal_bsp.a(alt_icache_flush.o)
                                        0x113 (size before relaxing)
 .debug_line_str
                0x0000000000000370      0x1bb /opt/intelFPGA_lite/22.1.2/nios2eds/bin/gnu/H-x86_64-pc-linux-gnu/bin/../lib/gcc/nios2-elf/12.2.1/../../../../../H-x86_64-pc-linux-gnu/nios2-elf/lib/libsmallc.a(lib_a-memcpy.o)
                                        0x296 (size before relaxing)
 .debug_line_str
                0x000000000000052b       0x3c /opt/intelFPGA_lite/22.1.2/nios2eds/bin/gnu/H-x86_64-pc-linux-gnu/bin/../lib/gcc/nios2-elf/12.2.1/../../../../../H-x86_64-pc-linux-gnu/nios2-elf/lib/libsmallc.a(lib_a-strlen.o)
                                        0x296 (size before relaxing)

.debug_loclists
                0x0000000000000000      0x26c
 .debug_loclists
                0x0000000000000000       0x2c ../HelloWorld_bsp//libhal_bsp.a(alt_putstr.o)
 .debug_loclists
                0x000000000000002c       0x1e ../HelloWorld_bsp//libhal_bsp.a(alt_sys_init.o)
 .debug_loclists
                0x000000000000004a       0x5e ../HelloWorld_bsp//libhal_bsp.a(altera_avalon_jtag_uart_write.o)
 .debug_loclists
                0x00000000000000a8       0x1c ../HelloWorld_bsp//libhal_bsp.a(alt_dcache_flush_all.o)
 .debug_loclists
                0x00000000000000c4       0xaa ../HelloWorld_bsp//libhal_bsp.a(alt_icache_flush.o)
 .debug_loclists
                0x000000000000016e       0xcc /opt/intelFPGA_lite/22.1.2/nios2eds/bin/gnu/H-x86_64-pc-linux-gnu/bin/../lib/gcc/nios2-elf/12.2.1/../../../../../H-x86_64-pc-linux-gnu/nios2-elf/lib/libsmallc.a(lib_a-memcpy.o)
 .debug_loclists
                0x000000000000023a       0x32 /opt/intelFPGA_lite/22.1.2/nios2eds/bin/gnu/H-x86_64-pc-linux-gnu/bin/../lib/gcc/nios2-elf/12.2.1/../../../../../H-x86_64-pc-linux-gnu/nios2-elf/lib/libsmallc.a(lib_a-strlen.o)
