Archive member included to satisfy reference by file (symbol)

../UART_LCD_bsp//libhal_bsp.a(alt_iic.o)
                              obj/default/hello_world_small.o (alt_ic_isr_register)
../UART_LCD_bsp//libhal_bsp.a(alt_iic_isr_register.o)
                              ../UART_LCD_bsp//libhal_bsp.a(alt_iic.o) (alt_iic_isr_register)
../UART_LCD_bsp//libhal_bsp.a(alt_irq_entry.o)
                              ../UART_LCD_bsp//libhal_bsp.a(alt_iic_isr_register.o) (alt_irq_entry)
../UART_LCD_bsp//libhal_bsp.a(alt_irq_handler.o)
                              ../UART_LCD_bsp//libhal_bsp.a(alt_iic_isr_register.o) (alt_irq_handler)
../UART_LCD_bsp//libhal_bsp.a(alt_irq_vars.o)
                              ../UART_LCD_bsp//libhal_bsp.a(alt_iic.o) (alt_irq_active)
../UART_LCD_bsp//libhal_bsp.a(alt_load.o)
                              ../UART_LCD_bsp//obj/HAL/src/crt0.o (alt_load)
../UART_LCD_bsp//libhal_bsp.a(alt_main.o)
                              ../UART_LCD_bsp//obj/HAL/src/crt0.o (alt_main)
../UART_LCD_bsp//libhal_bsp.a(alt_sys_init.o)
                              obj/default/hello_world_small.o (alt_irq_init)
../UART_LCD_bsp//libhal_bsp.a(alt_dcache_flush_all.o)
                              ../UART_LCD_bsp//libhal_bsp.a(alt_load.o) (alt_dcache_flush_all)
../UART_LCD_bsp//libhal_bsp.a(alt_exception_entry.o)
                              ../UART_LCD_bsp//libhal_bsp.a(alt_irq_entry.o) (alt_exception)
../UART_LCD_bsp//libhal_bsp.a(alt_icache_flush_all.o)
                              ../UART_LCD_bsp//libhal_bsp.a(alt_load.o) (alt_icache_flush_all)
../UART_LCD_bsp//libhal_bsp.a(alt_instruction_exception_entry.o)
                              ../UART_LCD_bsp//libhal_bsp.a(alt_exception_entry.o) (alt_instruction_exception_entry)
../UART_LCD_bsp//libhal_bsp.a(altera_nios2_gen2_irq.o)
                              ../UART_LCD_bsp//libhal_bsp.a(alt_sys_init.o) (altera_nios2_gen2_irq_init)
../UART_LCD_bsp//libhal_bsp.a(alt_icache_flush.o)
                              ../UART_LCD_bsp//libhal_bsp.a(alt_icache_flush_all.o) (alt_icache_flush)
/opt/intelFPGA_lite/22.1.2/nios2eds/bin/gnu/H-x86_64-pc-linux-gnu/bin/../lib/gcc/nios2-elf/12.2.1/../../../../../H-x86_64-pc-linux-gnu/nios2-elf/lib/libsmallc.a(lib_a-memcpy.o)
                              ../UART_LCD_bsp//libhal_bsp.a(alt_load.o) (memcpy)

Memory Configuration

Name             Origin             Length             Attributes
reset            0x0000000000004000 0x0000000000000020
onchip_memory2_0 0x0000000000004020 0x00000000000027e0
*default*        0x0000000000000000 0xffffffffffffffff

Linker script and memory map

LOAD ../UART_LCD_bsp//obj/HAL/src/crt0.o
LOAD obj/default/hello_world_small.o
LOAD /opt/intelFPGA_lite/22.1.2/nios2eds/bin/gnu/H-x86_64-pc-linux-gnu/bin/../lib/gcc/nios2-elf/12.2.1/../../../../../H-x86_64-pc-linux-gnu/nios2-elf/lib/libstdc++.a
LOAD /opt/intelFPGA_lite/22.1.2/nios2eds/bin/gnu/H-x86_64-pc-linux-gnu/bin/../lib/gcc/nios2-elf/12.2.1/../../../../../H-x86_64-pc-linux-gnu/nios2-elf/lib/libm.a
LOAD /opt/intelFPGA_lite/22.1.2/nios2eds/bin/gnu/H-x86_64-pc-linux-gnu/bin/../lib/gcc/nios2-elf/12.2.1/libgcc.a
START GROUP
LOAD /opt/intelFPGA_lite/22.1.2/nios2eds/bin/gnu/H-x86_64-pc-linux-gnu/bin/../lib/gcc/nios2-elf/12.2.1/../../../../../H-x86_64-pc-linux-gnu/nios2-elf/lib/libsmallc.a
LOAD /opt/intelFPGA_lite/22.1.2/nios2eds/bin/gnu/H-x86_64-pc-linux-gnu/bin/../lib/gcc/nios2-elf/12.2.1/libgcc.a
LOAD ../UART_LCD_bsp//libhal_bsp.a
LOAD /opt/intelFPGA_lite/22.1.2/nios2eds/bin/gnu/H-x86_64-pc-linux-gnu/bin/../lib/gcc/nios2-elf/12.2.1/../../../../../H-x86_64-pc-linux-gnu/nios2-elf/lib/libm.a
END GROUP
LOAD /opt/intelFPGA_lite/22.1.2/nios2eds/bin/gnu/H-x86_64-pc-linux-gnu/bin/../lib/gcc/nios2-elf/12.2.1/libgcc.a
                0x0000000000004000                __alt_mem_onchip_memory2_0 = 0x4000

.entry          0x0000000000004000       0x20
 *(.entry)
 .entry         0x0000000000004000       0x20 ../UART_LCD_bsp//obj/HAL/src/crt0.o
                0x0000000000004000                __reset
                0x000000000000401c                _exit

.exceptions     0x0000000000004020      0x168
                0x0000000000004020                PROVIDE (__ram_exceptions_start = ABSOLUTE (.))
                0x0000000000004020                . = ALIGN (0x20)
 *(.irq)
 *(.exceptions.entry.label)
 .exceptions.entry.label
                0x0000000000004020        0x0 ../UART_LCD_bsp//libhal_bsp.a(alt_irq_entry.o)
                0x0000000000004020                alt_irq_entry
 .exceptions.entry.label
                0x0000000000004020        0x0 ../UART_LCD_bsp//libhal_bsp.a(alt_exception_entry.o)
                0x0000000000004020                alt_exception
 *(.exceptions.entry.user)
 *(.exceptions.entry.ecc_fatal)
 *(.exceptions.entry)
 .exceptions.entry
                0x0000000000004020       0x54 ../UART_LCD_bsp//libhal_bsp.a(alt_exception_entry.o)
 *(.exceptions.irqtest.user)
 *(.exceptions.irqtest)
 .exceptions.irqtest
                0x0000000000004074       0x10 ../UART_LCD_bsp//libhal_bsp.a(alt_irq_entry.o)
 *(.exceptions.irqhandler.user)
 *(.exceptions.irqhandler)
 .exceptions.irqhandler
                0x0000000000004084        0x4 ../UART_LCD_bsp//libhal_bsp.a(alt_irq_entry.o)
 *(.exceptions.irqreturn.user)
 *(.exceptions.irqreturn)
 .exceptions.irqreturn
                0x0000000000004088        0x4 ../UART_LCD_bsp//libhal_bsp.a(alt_irq_entry.o)
 *(.exceptions.notirq.label)
 .exceptions.notirq.label
                0x000000000000408c        0x0 ../UART_LCD_bsp//libhal_bsp.a(alt_irq_entry.o)
 *(.exceptions.notirq.user)
 *(.exceptions.notirq)
 .exceptions.notirq
                0x000000000000408c        0x8 ../UART_LCD_bsp//libhal_bsp.a(alt_exception_entry.o)
 *(.exceptions.soft.user)
 *(.exceptions.soft)
 *(.exceptions.unknown.user)
 *(.exceptions.unknown)
 .exceptions.unknown
                0x0000000000004094       0x14 ../UART_LCD_bsp//libhal_bsp.a(alt_exception_entry.o)
 *(.exceptions.exit.label)
 .exceptions.exit.label
                0x00000000000040a8        0x0 ../UART_LCD_bsp//libhal_bsp.a(alt_irq_entry.o)
 .exceptions.exit.label
                0x00000000000040a8        0x0 ../UART_LCD_bsp//libhal_bsp.a(alt_exception_entry.o)
 *(.exceptions.exit.user)
 *(.exceptions.exit)
 .exceptions.exit
                0x00000000000040a8       0x54 ../UART_LCD_bsp//libhal_bsp.a(alt_exception_entry.o)
 *(.exceptions)
 .exceptions    0x00000000000040fc       0x60 ../UART_LCD_bsp//libhal_bsp.a(alt_irq_handler.o)
                0x00000000000040fc                alt_irq_handler
 .exceptions    0x000000000000415c       0x2c ../UART_LCD_bsp//libhal_bsp.a(alt_instruction_exception_entry.o)
                0x000000000000415c                alt_instruction_exception_entry
                0x0000000000004188                PROVIDE (__ram_exceptions_end = ABSOLUTE (.))
                0x0000000000004020                PROVIDE (__flash_exceptions_start = LOADADDR (.exceptions))

.text           0x0000000000004188      0x640
                [!provide]                        PROVIDE (stext = ABSOLUTE (.))
 *(.interp)
 *(.hash)
 *(.dynsym)
 *(.dynstr)
 *(.gnu.version)
 *(.gnu.version_d)
 *(.gnu.version_r)
 *(.rel.init)
 *(.rela.init)
 *(.rel.text .rel.text.* .rel.gnu.linkonce.t.*)
 *(.rela.text .rela.text.* .rela.gnu.linkonce.t.*)
 *(.rel.fini)
 *(.rela.fini)
 *(.rel.rodata .rel.rodata.* .rel.gnu.linkonce.r.*)
 *(.rela.rodata .rela.rodata.* .rela.gnu.linkonce.r.*)
 *(.rel.data .rel.data.* .rel.gnu.linkonce.d.*)
 *(.rela.data .rela.data.* .rela.gnu.linkonce.d.*)
 *(.rel.tdata .rel.tdata.* .rel.gnu.linkonce.td.*)
 *(.rela.tdata .rela.tdata.* .rela.gnu.linkonce.td.*)
 *(.rel.tbss .rel.tbss.* .rel.gnu.linkonce.tb.*)
 *(.rela.tbss .rela.tbss.* .rela.gnu.linkonce.tb.*)
 *(.rel.ctors)
 *(.rela.ctors)
 *(.rel.dtors)
 *(.rela.dtors)
 *(.rel.got)
 *(.rela.got)
 *(.rel.sdata .rel.sdata.* .rel.gnu.linkonce.s.*)
 *(.rela.sdata .rela.sdata.* .rela.gnu.linkonce.s.*)
 *(.rel.sbss .rel.sbss.* .rel.gnu.linkonce.sb.*)
 *(.rela.sbss .rela.sbss.* .rela.gnu.linkonce.sb.*)
 *(.rel.sdata2 .rel.sdata2.* .rel.gnu.linkonce.s2.*)
 *(.rela.sdata2 .rela.sdata2.* .rela.gnu.linkonce.s2.*)
 *(.rel.sbss2 .rel.sbss2.* .rel.gnu.linkonce.sb2.*)
 *(.rela.sbss2 .rela.sbss2.* .rela.gnu.linkonce.sb2.*)
 *(.rel.bss .rel.bss.* .rel.gnu.linkonce.b.*)
 *(.rela.bss .rela.bss.* .rela.gnu.linkonce.b.*)
 *(.rel.plt)
 *(.rela.plt)
 *(.rel.dyn)
 *(.init)
 *(.plt)
 *(.text .stub .text.* .gnu.linkonce.t.*)
 .text          0x0000000000004188       0x4c ../UART_LCD_bsp//obj/HAL/src/crt0.o
                0x0000000000004188                _start
 .text          0x00000000000041d4       0x98 obj/default/hello_world_small.o
 .text.startup  0x000000000000426c      0x2c0 obj/default/hello_world_small.o
                0x000000000000426c                main
 .text          0x000000000000452c       0x8c ../UART_LCD_bsp//libhal_bsp.a(alt_iic.o)
                0x000000000000452c                alt_ic_isr_register
                0x0000000000004530                alt_ic_irq_enable
                0x0000000000004568                alt_ic_irq_disable
                0x00000000000045a0                alt_ic_irq_enabled
 .text          0x00000000000045b8       0x68 ../UART_LCD_bsp//libhal_bsp.a(alt_iic_isr_register.o)
                0x00000000000045b8                alt_iic_isr_register
 .text          0x0000000000004620        0x0 ../UART_LCD_bsp//libhal_bsp.a(alt_irq_entry.o)
 .text          0x0000000000004620        0x0 ../UART_LCD_bsp//libhal_bsp.a(alt_irq_handler.o)
 .text          0x0000000000004620        0x0 ../UART_LCD_bsp//libhal_bsp.a(alt_irq_vars.o)
 .text          0x0000000000004620       0x84 ../UART_LCD_bsp//libhal_bsp.a(alt_load.o)
                0x0000000000004620                alt_load
 .text          0x00000000000046a4       0x2c ../UART_LCD_bsp//libhal_bsp.a(alt_main.o)
                0x00000000000046a4                alt_main
 .text          0x00000000000046d0       0x24 ../UART_LCD_bsp//libhal_bsp.a(alt_sys_init.o)
                0x00000000000046d0                alt_irq_init
                0x00000000000046f0                alt_sys_init
 .text          0x00000000000046f4       0x18 ../UART_LCD_bsp//libhal_bsp.a(alt_dcache_flush_all.o)
                0x00000000000046f4                alt_dcache_flush_all
 .text          0x000000000000470c        0x0 ../UART_LCD_bsp//libhal_bsp.a(alt_exception_entry.o)
 .text          0x000000000000470c        0xc ../UART_LCD_bsp//libhal_bsp.a(alt_icache_flush_all.o)
                0x000000000000470c                alt_icache_flush_all
 .text          0x0000000000004718       0x24 ../UART_LCD_bsp//libhal_bsp.a(alt_instruction_exception_entry.o)
                0x0000000000004718                alt_exception_cause_generated_bad_addr
 .text          0x000000000000473c        0x8 ../UART_LCD_bsp//libhal_bsp.a(altera_nios2_gen2_irq.o)
                0x000000000000473c                altera_nios2_gen2_irq_init
 .text          0x0000000000004744       0x5c ../UART_LCD_bsp//libhal_bsp.a(alt_icache_flush.o)
                0x0000000000004744                alt_icache_flush
 .text          0x00000000000047a0        0x0 /opt/intelFPGA_lite/22.1.2/nios2eds/bin/gnu/H-x86_64-pc-linux-gnu/bin/../lib/gcc/nios2-elf/12.2.1/../../../../../H-x86_64-pc-linux-gnu/nios2-elf/lib/libsmallc.a(lib_a-memcpy.o)
 .text.memcpy   0x00000000000047a0       0x28 /opt/intelFPGA_lite/22.1.2/nios2eds/bin/gnu/H-x86_64-pc-linux-gnu/bin/../lib/gcc/nios2-elf/12.2.1/../../../../../H-x86_64-pc-linux-gnu/nios2-elf/lib/libsmallc.a(lib_a-memcpy.o)
                0x00000000000047a0                memcpy
 *(.gnu.warning.*)
 *(.fini)
                [!provide]                        PROVIDE (__etext = ABSOLUTE (.))
                [!provide]                        PROVIDE (_etext = ABSOLUTE (.))
                [!provide]                        PROVIDE (etext = ABSOLUTE (.))
 *(.eh_frame_hdr)
                0x00000000000047c8                . = ALIGN (0x4)
                [!provide]                        PROVIDE (__preinit_array_start = ABSOLUTE (.))
 *(.preinit_array)
                [!provide]                        PROVIDE (__preinit_array_end = ABSOLUTE (.))
                [!provide]                        PROVIDE (__init_array_start = ABSOLUTE (.))
 *(.init_array)
                [!provide]                        PROVIDE (__init_array_end = ABSOLUTE (.))
                [!provide]                        PROVIDE (__fini_array_start = ABSOLUTE (.))
 *(.fini_array)
                [!provide]                        PROVIDE (__fini_array_end = ABSOLUTE (.))
 *(.eh_frame)
 *(.gcc_except_table .gcc_except_table.*)
 *(.dynamic)
                [!provide]                        PROVIDE (__CTOR_LIST__ = ABSOLUTE (.))
 *(.ctors)
 *(SORT_BY_NAME(.ctors.*))
                [!provide]                        PROVIDE (__CTOR_END__ = ABSOLUTE (.))
                [!provide]                        PROVIDE (__DTOR_LIST__ = ABSOLUTE (.))
 *(.dtors)
 *(SORT_BY_NAME(.dtors.*))
                [!provide]                        PROVIDE (__DTOR_END__ = ABSOLUTE (.))
 *(.jcr)
                0x00000000000047c8                . = ALIGN (0x4)

.rodata         0x00000000000047c8        0x0
                0x00000000000047c8                PROVIDE (__ram_rodata_start = ABSOLUTE (.))
                0x00000000000047c8                . = ALIGN (0x4)
 *(.rodata .rodata.* .gnu.linkonce.r.*)
 *(.rodata1)
                0x00000000000047c8                . = ALIGN (0x4)
                0x00000000000047c8                PROVIDE (__ram_rodata_end = ABSOLUTE (.))
                0x00000000000047c8                PROVIDE (__flash_rodata_start = LOADADDR (.rodata))

.rwdata         0x00000000000047c8       0x48 load address 0x0000000000004810
                0x00000000000047c8                PROVIDE (__ram_rwdata_start = ABSOLUTE (.))
                0x00000000000047c8                . = ALIGN (0x4)
 *(.got.plt)
 *(.got)
 *(.data1)
 *(.data .data.* .gnu.linkonce.d.*)
 .data          0x00000000000047c8        0x0 ../UART_LCD_bsp//obj/HAL/src/crt0.o
 .data          0x00000000000047c8       0x18 obj/default/hello_world_small.o
                0x00000000000047c8                UARTRead
 .data          0x00000000000047e0        0x0 ../UART_LCD_bsp//libhal_bsp.a(alt_iic.o)
 .data          0x00000000000047e0        0x0 ../UART_LCD_bsp//libhal_bsp.a(alt_iic_isr_register.o)
 .data          0x00000000000047e0        0x0 ../UART_LCD_bsp//libhal_bsp.a(alt_irq_entry.o)
 .data          0x00000000000047e0        0x0 ../UART_LCD_bsp//libhal_bsp.a(alt_irq_handler.o)
 .data          0x00000000000047e0        0x0 ../UART_LCD_bsp//libhal_bsp.a(alt_irq_vars.o)
 .data          0x00000000000047e0        0x0 ../UART_LCD_bsp//libhal_bsp.a(alt_load.o)
 .data          0x00000000000047e0        0x0 ../UART_LCD_bsp//libhal_bsp.a(alt_main.o)
 .data          0x00000000000047e0        0x0 ../UART_LCD_bsp//libhal_bsp.a(alt_sys_init.o)
 .data          0x00000000000047e0        0x0 ../UART_LCD_bsp//libhal_bsp.a(alt_dcache_flush_all.o)
 .data          0x00000000000047e0        0x0 ../UART_LCD_bsp//libhal_bsp.a(alt_exception_entry.o)
 .data          0x00000000000047e0        0x0 ../UART_LCD_bsp//libhal_bsp.a(alt_icache_flush_all.o)
 .data          0x00000000000047e0        0x0 ../UART_LCD_bsp//libhal_bsp.a(alt_instruction_exception_entry.o)
 .data          0x00000000000047e0        0x0 ../UART_LCD_bsp//libhal_bsp.a(altera_nios2_gen2_irq.o)
 .data          0x00000000000047e0        0x0 ../UART_LCD_bsp//libhal_bsp.a(alt_icache_flush.o)
 .data          0x00000000000047e0        0x0 /opt/intelFPGA_lite/22.1.2/nios2eds/bin/gnu/H-x86_64-pc-linux-gnu/bin/../lib/gcc/nios2-elf/12.2.1/../../../../../H-x86_64-pc-linux-gnu/nios2-elf/lib/libsmallc.a(lib_a-memcpy.o)
                0x000000000000c7e0                _gp = ABSOLUTE ((. + 0x8000))
                [!provide]                        PROVIDE (gp = _gp)
 *(.rwdata .rwdata.*)
 *(.sdata .sdata.* .gnu.linkonce.s.*)
 .sdata         0x00000000000047e0       0x28 obj/default/hello_world_small.o
                0x00000000000047e0                ParsedLoopFlag
                0x00000000000047e4                UARTStatus
                0x00000000000047e8                StartTX
                0x00000000000047ec                StatusLed
                0x00000000000047f0                ControlBase
                0x00000000000047f4                TXDataSel
                0x00000000000047f8                RXDataReg
                0x00000000000047fc                TXDataReg
                0x0000000000004800                RXLDCaReg
                0x0000000000004804                TXLCDReg
 .sdata         0x0000000000004808        0x4 ../UART_LCD_bsp//libhal_bsp.a(alt_irq_vars.o)
                0x0000000000004808                alt_priority_mask
 .sdata         0x000000000000480c        0x4 ../UART_LCD_bsp//libhal_bsp.a(alt_sys_init.o)
                0x000000000000480c                jtag_uart_0
 *(.sdata2 .sdata2.* .gnu.linkonce.s2.*)
                0x0000000000004810                . = ALIGN (0x4)
                0x0000000000004810                _edata = ABSOLUTE (.)
                [!provide]                        PROVIDE (edata = ABSOLUTE (.))
                0x0000000000004810                PROVIDE (__ram_rwdata_end = ABSOLUTE (.))
                0x0000000000004810                PROVIDE (__flash_rwdata_start = LOADADDR (.rwdata))

.bss            0x0000000000004858      0x140
                0x0000000000004858                __bss_start = ABSOLUTE (.)
                [!provide]                        PROVIDE (__sbss_start = ABSOLUTE (.))
                [!provide]                        PROVIDE (___sbss_start = ABSOLUTE (.))
 *(.dynsbss)
 *(.sbss .sbss.* .gnu.linkonce.sb.*)
 .sbss          0x0000000000004858       0x2c obj/default/hello_world_small.o
                0x0000000000004874                needToClearTX
                0x0000000000004878                PortReadTX
                0x000000000000487c                TXIsBusy
                0x0000000000004880                StartTimer
 .sbss          0x0000000000004884        0x4 ../UART_LCD_bsp//libhal_bsp.a(alt_irq_vars.o)
                0x0000000000004884                alt_irq_active
 .sbss          0x0000000000004888        0xc ../UART_LCD_bsp//libhal_bsp.a(alt_main.o)
                0x0000000000004888                alt_envp
                0x000000000000488c                alt_argv
                0x0000000000004890                alt_argc
 .sbss          0x0000000000004894        0x4 ../UART_LCD_bsp//libhal_bsp.a(alt_instruction_exception_entry.o)
                0x0000000000004894                alt_instruction_exception_handler
 *(.sbss2 .sbss2.* .gnu.linkonce.sb2.*)
 *(.scommon)
                [!provide]                        PROVIDE (__sbss_end = ABSOLUTE (.))
                [!provide]                        PROVIDE (___sbss_end = ABSOLUTE (.))
 *(.dynbss)
 *(.bss .bss.* .gnu.linkonce.b.*)
 .bss           0x0000000000004898        0x0 ../UART_LCD_bsp//obj/HAL/src/crt0.o
 .bss           0x0000000000004898        0x0 obj/default/hello_world_small.o
 .bss           0x0000000000004898        0x0 ../UART_LCD_bsp//libhal_bsp.a(alt_iic.o)
 .bss           0x0000000000004898        0x0 ../UART_LCD_bsp//libhal_bsp.a(alt_iic_isr_register.o)
 .bss           0x0000000000004898        0x0 ../UART_LCD_bsp//libhal_bsp.a(alt_irq_entry.o)
 .bss           0x0000000000004898      0x100 ../UART_LCD_bsp//libhal_bsp.a(alt_irq_handler.o)
                0x0000000000004898                alt_irq
 .bss           0x0000000000004998        0x0 ../UART_LCD_bsp//libhal_bsp.a(alt_irq_vars.o)
 .bss           0x0000000000004998        0x0 ../UART_LCD_bsp//libhal_bsp.a(alt_load.o)
 .bss           0x0000000000004998        0x0 ../UART_LCD_bsp//libhal_bsp.a(alt_main.o)
 .bss           0x0000000000004998        0x0 ../UART_LCD_bsp//libhal_bsp.a(alt_sys_init.o)
 .bss           0x0000000000004998        0x0 ../UART_LCD_bsp//libhal_bsp.a(alt_dcache_flush_all.o)
 .bss           0x0000000000004998        0x0 ../UART_LCD_bsp//libhal_bsp.a(alt_exception_entry.o)
 .bss           0x0000000000004998        0x0 ../UART_LCD_bsp//libhal_bsp.a(alt_icache_flush_all.o)
 .bss           0x0000000000004998        0x0 ../UART_LCD_bsp//libhal_bsp.a(alt_instruction_exception_entry.o)
 .bss           0x0000000000004998        0x0 ../UART_LCD_bsp//libhal_bsp.a(altera_nios2_gen2_irq.o)
 .bss           0x0000000000004998        0x0 ../UART_LCD_bsp//libhal_bsp.a(alt_icache_flush.o)
 .bss           0x0000000000004998        0x0 /opt/intelFPGA_lite/22.1.2/nios2eds/bin/gnu/H-x86_64-pc-linux-gnu/bin/../lib/gcc/nios2-elf/12.2.1/../../../../../H-x86_64-pc-linux-gnu/nios2-elf/lib/libsmallc.a(lib_a-memcpy.o)
 *(COMMON)
                0x0000000000004998                . = ALIGN (0x4)
                0x0000000000004998                __bss_end = ABSOLUTE (.)

.onchip_memory2_0
                0x0000000000004998        0x0
                [!provide]                        PROVIDE (_alt_partition_onchip_memory2_0_start = ABSOLUTE (.))
 *(.onchip_memory2_0 .onchip_memory2_0. onchip_memory2_0.*)
                0x0000000000004998                . = ALIGN (0x4)
                [!provide]                        PROVIDE (_alt_partition_onchip_memory2_0_end = ABSOLUTE (.))
                0x0000000000004998                _end = ABSOLUTE (.)
                0x0000000000004998                end = ABSOLUTE (.)
                0x0000000000004998                __alt_stack_base = ABSOLUTE (.)
                [!provide]                        PROVIDE (_alt_partition_onchip_memory2_0_load_addr = LOADADDR (.onchip_memory2_0))

.stab
 *(.stab)

.stabstr
 *(.stabstr)

.stab.excl
 *(.stab.excl)

.stab.exclstr
 *(.stab.exclstr)

.stab.index
 *(.stab.index)

.stab.indexstr
 *(.stab.indexstr)

.comment        0x0000000000000000       0x2d
 *(.comment)
 .comment       0x0000000000000000       0x2d obj/default/hello_world_small.o
                                         0x2e (size before relaxing)
 .comment       0x000000000000002d       0x2e ../UART_LCD_bsp//libhal_bsp.a(alt_iic.o)
 .comment       0x000000000000002d       0x2e ../UART_LCD_bsp//libhal_bsp.a(alt_iic_isr_register.o)
 .comment       0x000000000000002d       0x2e ../UART_LCD_bsp//libhal_bsp.a(alt_irq_handler.o)
 .comment       0x000000000000002d       0x2e ../UART_LCD_bsp//libhal_bsp.a(alt_irq_vars.o)
 .comment       0x000000000000002d       0x2e ../UART_LCD_bsp//libhal_bsp.a(alt_load.o)
 .comment       0x000000000000002d       0x2e ../UART_LCD_bsp//libhal_bsp.a(alt_main.o)
 .comment       0x000000000000002d       0x2e ../UART_LCD_bsp//libhal_bsp.a(alt_sys_init.o)
 .comment       0x000000000000002d       0x2e ../UART_LCD_bsp//libhal_bsp.a(alt_dcache_flush_all.o)
 .comment       0x000000000000002d       0x2e ../UART_LCD_bsp//libhal_bsp.a(alt_icache_flush_all.o)
 .comment       0x000000000000002d       0x2e ../UART_LCD_bsp//libhal_bsp.a(alt_instruction_exception_entry.o)
 .comment       0x000000000000002d       0x2e ../UART_LCD_bsp//libhal_bsp.a(altera_nios2_gen2_irq.o)
 .comment       0x000000000000002d       0x2e ../UART_LCD_bsp//libhal_bsp.a(alt_icache_flush.o)
 .comment       0x000000000000002d       0x2e /opt/intelFPGA_lite/22.1.2/nios2eds/bin/gnu/H-x86_64-pc-linux-gnu/bin/../lib/gcc/nios2-elf/12.2.1/../../../../../H-x86_64-pc-linux-gnu/nios2-elf/lib/libsmallc.a(lib_a-memcpy.o)

.debug
 *(.debug)

.line
 *(.line)

.debug_srcinfo
 *(.debug_srcinfo)

.debug_sfnames
 *(.debug_sfnames)

.debug_aranges  0x0000000000000000      0x250
 *(.debug_aranges)
 .debug_aranges
                0x0000000000000000       0x28 ../UART_LCD_bsp//obj/HAL/src/crt0.o
 .debug_aranges
                0x0000000000000028       0x28 obj/default/hello_world_small.o
 .debug_aranges
                0x0000000000000050       0x20 ../UART_LCD_bsp//libhal_bsp.a(alt_iic.o)
 .debug_aranges
                0x0000000000000070       0x20 ../UART_LCD_bsp//libhal_bsp.a(alt_iic_isr_register.o)
 .debug_aranges
                0x0000000000000090       0x30 ../UART_LCD_bsp//libhal_bsp.a(alt_irq_entry.o)
 .debug_aranges
                0x00000000000000c0       0x20 ../UART_LCD_bsp//libhal_bsp.a(alt_irq_handler.o)
 .debug_aranges
                0x00000000000000e0       0x18 ../UART_LCD_bsp//libhal_bsp.a(alt_irq_vars.o)
 .debug_aranges
                0x00000000000000f8       0x20 ../UART_LCD_bsp//libhal_bsp.a(alt_load.o)
 .debug_aranges
                0x0000000000000118       0x20 ../UART_LCD_bsp//libhal_bsp.a(alt_main.o)
 .debug_aranges
                0x0000000000000138       0x20 ../UART_LCD_bsp//libhal_bsp.a(alt_sys_init.o)
 .debug_aranges
                0x0000000000000158       0x20 ../UART_LCD_bsp//libhal_bsp.a(alt_dcache_flush_all.o)
 .debug_aranges
                0x0000000000000178       0x30 ../UART_LCD_bsp//libhal_bsp.a(alt_exception_entry.o)
 .debug_aranges
                0x00000000000001a8       0x20 ../UART_LCD_bsp//libhal_bsp.a(alt_icache_flush_all.o)
 .debug_aranges
                0x00000000000001c8       0x28 ../UART_LCD_bsp//libhal_bsp.a(alt_instruction_exception_entry.o)
 .debug_aranges
                0x00000000000001f0       0x20 ../UART_LCD_bsp//libhal_bsp.a(altera_nios2_gen2_irq.o)
 .debug_aranges
                0x0000000000000210       0x20 ../UART_LCD_bsp//libhal_bsp.a(alt_icache_flush.o)
 .debug_aranges
                0x0000000000000230       0x20 /opt/intelFPGA_lite/22.1.2/nios2eds/bin/gnu/H-x86_64-pc-linux-gnu/bin/../lib/gcc/nios2-elf/12.2.1/../../../../../H-x86_64-pc-linux-gnu/nios2-elf/lib/libsmallc.a(lib_a-memcpy.o)

.debug_pubnames
 *(.debug_pubnames)

.debug_info     0x0000000000000000     0x1bc4
 *(.debug_info .gnu.linkonce.wi.*)
 .debug_info    0x0000000000000000       0x22 ../UART_LCD_bsp//obj/HAL/src/crt0.o
 .debug_info    0x0000000000000022      0x83a obj/default/hello_world_small.o
 .debug_info    0x000000000000085c      0x3d8 ../UART_LCD_bsp//libhal_bsp.a(alt_iic.o)
 .debug_info    0x0000000000000c34      0x27f ../UART_LCD_bsp//libhal_bsp.a(alt_iic_isr_register.o)
 .debug_info    0x0000000000000eb3       0x22 ../UART_LCD_bsp//libhal_bsp.a(alt_irq_entry.o)
 .debug_info    0x0000000000000ed5      0x195 ../UART_LCD_bsp//libhal_bsp.a(alt_irq_handler.o)
 .debug_info    0x000000000000106a       0x88 ../UART_LCD_bsp//libhal_bsp.a(alt_irq_vars.o)
 .debug_info    0x00000000000010f2      0x239 ../UART_LCD_bsp//libhal_bsp.a(alt_load.o)
 .debug_info    0x000000000000132b      0x13e ../UART_LCD_bsp//libhal_bsp.a(alt_main.o)
 .debug_info    0x0000000000001469      0x127 ../UART_LCD_bsp//libhal_bsp.a(alt_sys_init.o)
 .debug_info    0x0000000000001590       0xa6 ../UART_LCD_bsp//libhal_bsp.a(alt_dcache_flush_all.o)
 .debug_info    0x0000000000001636       0x22 ../UART_LCD_bsp//libhal_bsp.a(alt_exception_entry.o)
 .debug_info    0x0000000000001658       0xc9 ../UART_LCD_bsp//libhal_bsp.a(alt_icache_flush_all.o)
 .debug_info    0x0000000000001721      0x209 ../UART_LCD_bsp//libhal_bsp.a(alt_instruction_exception_entry.o)
 .debug_info    0x000000000000192a       0x8d ../UART_LCD_bsp//libhal_bsp.a(altera_nios2_gen2_irq.o)
 .debug_info    0x00000000000019b7       0xec ../UART_LCD_bsp//libhal_bsp.a(alt_icache_flush.o)
 .debug_info    0x0000000000001aa3      0x121 /opt/intelFPGA_lite/22.1.2/nios2eds/bin/gnu/H-x86_64-pc-linux-gnu/bin/../lib/gcc/nios2-elf/12.2.1/../../../../../H-x86_64-pc-linux-gnu/nios2-elf/lib/libsmallc.a(lib_a-memcpy.o)

.debug_abbrev   0x0000000000000000      0xf25
 *(.debug_abbrev)
 .debug_abbrev  0x0000000000000000       0x12 ../UART_LCD_bsp//obj/HAL/src/crt0.o
 .debug_abbrev  0x0000000000000012      0x2fa obj/default/hello_world_small.o
 .debug_abbrev  0x000000000000030c      0x1dd ../UART_LCD_bsp//libhal_bsp.a(alt_iic.o)
 .debug_abbrev  0x00000000000004e9      0x1d9 ../UART_LCD_bsp//libhal_bsp.a(alt_iic_isr_register.o)
 .debug_abbrev  0x00000000000006c2       0x12 ../UART_LCD_bsp//libhal_bsp.a(alt_irq_entry.o)
 .debug_abbrev  0x00000000000006d4      0x147 ../UART_LCD_bsp//libhal_bsp.a(alt_irq_handler.o)
 .debug_abbrev  0x000000000000081b       0x46 ../UART_LCD_bsp//libhal_bsp.a(alt_irq_vars.o)
 .debug_abbrev  0x0000000000000861      0x12c ../UART_LCD_bsp//libhal_bsp.a(alt_load.o)
 .debug_abbrev  0x000000000000098d       0xeb ../UART_LCD_bsp//libhal_bsp.a(alt_main.o)
 .debug_abbrev  0x0000000000000a78      0x107 ../UART_LCD_bsp//libhal_bsp.a(alt_sys_init.o)
 .debug_abbrev  0x0000000000000b7f       0x60 ../UART_LCD_bsp//libhal_bsp.a(alt_dcache_flush_all.o)
 .debug_abbrev  0x0000000000000bdf       0x12 ../UART_LCD_bsp//libhal_bsp.a(alt_exception_entry.o)
 .debug_abbrev  0x0000000000000bf1       0x8a ../UART_LCD_bsp//libhal_bsp.a(alt_icache_flush_all.o)
 .debug_abbrev  0x0000000000000c7b      0x106 ../UART_LCD_bsp//libhal_bsp.a(alt_instruction_exception_entry.o)
 .debug_abbrev  0x0000000000000d81       0x43 ../UART_LCD_bsp//libhal_bsp.a(altera_nios2_gen2_irq.o)
 .debug_abbrev  0x0000000000000dc4       0xa0 ../UART_LCD_bsp//libhal_bsp.a(alt_icache_flush.o)
 .debug_abbrev  0x0000000000000e64       0xc1 /opt/intelFPGA_lite/22.1.2/nios2eds/bin/gnu/H-x86_64-pc-linux-gnu/bin/../lib/gcc/nios2-elf/12.2.1/../../../../../H-x86_64-pc-linux-gnu/nios2-elf/lib/libsmallc.a(lib_a-memcpy.o)

.debug_line     0x0000000000000000      0xdf4
 *(.debug_line)
 .debug_line    0x0000000000000000       0x72 ../UART_LCD_bsp//obj/HAL/src/crt0.o
 .debug_line    0x0000000000000072      0x3b2 obj/default/hello_world_small.o
 .debug_line    0x0000000000000424      0x152 ../UART_LCD_bsp//libhal_bsp.a(alt_iic.o)
 .debug_line    0x0000000000000576      0x115 ../UART_LCD_bsp//libhal_bsp.a(alt_iic_isr_register.o)
 .debug_line    0x000000000000068b       0x6b ../UART_LCD_bsp//libhal_bsp.a(alt_irq_entry.o)
 .debug_line    0x00000000000006f6       0xf9 ../UART_LCD_bsp//libhal_bsp.a(alt_irq_handler.o)
 .debug_line    0x00000000000007ef       0x43 ../UART_LCD_bsp//libhal_bsp.a(alt_irq_vars.o)
 .debug_line    0x0000000000000832       0xd2 ../UART_LCD_bsp//libhal_bsp.a(alt_load.o)
 .debug_line    0x0000000000000904       0xa2 ../UART_LCD_bsp//libhal_bsp.a(alt_main.o)
 .debug_line    0x00000000000009a6       0x8e ../UART_LCD_bsp//libhal_bsp.a(alt_sys_init.o)
 .debug_line    0x0000000000000a34       0x70 ../UART_LCD_bsp//libhal_bsp.a(alt_dcache_flush_all.o)
 .debug_line    0x0000000000000aa4       0x9d ../UART_LCD_bsp//libhal_bsp.a(alt_exception_entry.o)
 .debug_line    0x0000000000000b41       0x67 ../UART_LCD_bsp//libhal_bsp.a(alt_icache_flush_all.o)
 .debug_line    0x0000000000000ba8       0xc2 ../UART_LCD_bsp//libhal_bsp.a(alt_instruction_exception_entry.o)
 .debug_line    0x0000000000000c6a       0x54 ../UART_LCD_bsp//libhal_bsp.a(altera_nios2_gen2_irq.o)
 .debug_line    0x0000000000000cbe       0xaa ../UART_LCD_bsp//libhal_bsp.a(alt_icache_flush.o)
 .debug_line    0x0000000000000d68       0x8c /opt/intelFPGA_lite/22.1.2/nios2eds/bin/gnu/H-x86_64-pc-linux-gnu/bin/../lib/gcc/nios2-elf/12.2.1/../../../../../H-x86_64-pc-linux-gnu/nios2-elf/lib/libsmallc.a(lib_a-memcpy.o)

.debug_frame    0x0000000000000000      0x280
 *(.debug_frame)
 .debug_frame   0x0000000000000000       0x60 obj/default/hello_world_small.o
 .debug_frame   0x0000000000000060       0x50 ../UART_LCD_bsp//libhal_bsp.a(alt_iic.o)
 .debug_frame   0x00000000000000b0       0x38 ../UART_LCD_bsp//libhal_bsp.a(alt_iic_isr_register.o)
 .debug_frame   0x00000000000000e8       0x34 ../UART_LCD_bsp//libhal_bsp.a(alt_irq_handler.o)
 .debug_frame   0x000000000000011c       0x2c ../UART_LCD_bsp//libhal_bsp.a(alt_load.o)
 .debug_frame   0x0000000000000148       0x2c ../UART_LCD_bsp//libhal_bsp.a(alt_main.o)
 .debug_frame   0x0000000000000174       0x3c ../UART_LCD_bsp//libhal_bsp.a(alt_sys_init.o)
 .debug_frame   0x00000000000001b0       0x20 ../UART_LCD_bsp//libhal_bsp.a(alt_dcache_flush_all.o)
 .debug_frame   0x00000000000001d0       0x20 ../UART_LCD_bsp//libhal_bsp.a(alt_icache_flush_all.o)
 .debug_frame   0x00000000000001f0       0x30 ../UART_LCD_bsp//libhal_bsp.a(alt_instruction_exception_entry.o)
 .debug_frame   0x0000000000000220       0x20 ../UART_LCD_bsp//libhal_bsp.a(altera_nios2_gen2_irq.o)
 .debug_frame   0x0000000000000240       0x20 ../UART_LCD_bsp//libhal_bsp.a(alt_icache_flush.o)
 .debug_frame   0x0000000000000260       0x20 /opt/intelFPGA_lite/22.1.2/nios2eds/bin/gnu/H-x86_64-pc-linux-gnu/bin/../lib/gcc/nios2-elf/12.2.1/../../../../../H-x86_64-pc-linux-gnu/nios2-elf/lib/libsmallc.a(lib_a-memcpy.o)

.debug_str      0x0000000000000000      0xc4a
 *(.debug_str)
 .debug_str     0x0000000000000000       0x72 ../UART_LCD_bsp//obj/HAL/src/crt0.o
 .debug_str     0x0000000000000072      0x3ea obj/default/hello_world_small.o
                                        0x494 (size before relaxing)
 .debug_str     0x000000000000045c       0xc5 ../UART_LCD_bsp//libhal_bsp.a(alt_iic.o)
                                        0x1f3 (size before relaxing)
 .debug_str     0x0000000000000521       0x18 ../UART_LCD_bsp//libhal_bsp.a(alt_iic_isr_register.o)
                                        0x1b2 (size before relaxing)
 .debug_str     0x0000000000000539       0x18 ../UART_LCD_bsp//libhal_bsp.a(alt_irq_entry.o)
                                         0x7b (size before relaxing)
 .debug_str     0x0000000000000551       0x20 ../UART_LCD_bsp//libhal_bsp.a(alt_irq_handler.o)
                                        0x141 (size before relaxing)
 .debug_str     0x0000000000000571       0x12 ../UART_LCD_bsp//libhal_bsp.a(alt_irq_vars.o)
                                         0xf0 (size before relaxing)
 .debug_str     0x0000000000000583      0x111 ../UART_LCD_bsp//libhal_bsp.a(alt_load.o)
                                        0x205 (size before relaxing)
 .debug_str     0x0000000000000694       0x31 ../UART_LCD_bsp//libhal_bsp.a(alt_main.o)
                                        0x135 (size before relaxing)
 .debug_str     0x00000000000006c5       0x88 ../UART_LCD_bsp//libhal_bsp.a(alt_sys_init.o)
                                        0x187 (size before relaxing)
 .debug_str     0x000000000000074d       0xfa ../UART_LCD_bsp//libhal_bsp.a(alt_dcache_flush_all.o)
 .debug_str     0x000000000000074d       0x1e ../UART_LCD_bsp//libhal_bsp.a(alt_exception_entry.o)
                                         0x81 (size before relaxing)
 .debug_str     0x000000000000076b       0x11 ../UART_LCD_bsp//libhal_bsp.a(alt_icache_flush_all.o)
                                        0x113 (size before relaxing)
 .debug_str     0x000000000000077c      0x461 ../UART_LCD_bsp//libhal_bsp.a(alt_instruction_exception_entry.o)
                                        0x543 (size before relaxing)
 .debug_str     0x0000000000000bdd      0x100 ../UART_LCD_bsp//libhal_bsp.a(altera_nios2_gen2_irq.o)
 .debug_str     0x0000000000000bdd      0x461 ../UART_LCD_bsp//libhal_bsp.a(alt_icache_flush.o)
                                        0x104 (size before relaxing)
 .debug_str     0x0000000000000bdd       0x6d /opt/intelFPGA_lite/22.1.2/nios2eds/bin/gnu/H-x86_64-pc-linux-gnu/bin/../lib/gcc/nios2-elf/12.2.1/../../../../../H-x86_64-pc-linux-gnu/nios2-elf/lib/libsmallc.a(lib_a-memcpy.o)
                                        0x109 (size before relaxing)

.debug_loc
 *(.debug_loc)

.debug_macinfo
 *(.debug_macinfo)

.debug_weaknames
 *(.debug_weaknames)

.debug_funcnames
 *(.debug_funcnames)

.debug_typenames
 *(.debug_typenames)

.debug_varnames
 *(.debug_varnames)

.debug_alt_sim_info
                0x0000000000000000       0x30
 *(.debug_alt_sim_info)
 .debug_alt_sim_info
                0x0000000000000000       0x30 ../UART_LCD_bsp//obj/HAL/src/crt0.o
                0x0000000000006800                __alt_data_end = 0x6800
                0x0000000000006800                PROVIDE (__alt_stack_pointer = __alt_data_end)
                [!provide]                        PROVIDE (__alt_stack_limit = __alt_stack_base)
                [!provide]                        PROVIDE (__alt_heap_start = end)
                [!provide]                        PROVIDE (__alt_heap_limit = 0x6800)
OUTPUT(UART_LCD.elf elf32-littlenios2)
LOAD linker stubs

.debug_ranges   0x0000000000000000       0x70
 .debug_ranges  0x0000000000000000       0x20 ../UART_LCD_bsp//obj/HAL/src/crt0.o
 .debug_ranges  0x0000000000000020       0x28 ../UART_LCD_bsp//libhal_bsp.a(alt_irq_entry.o)
 .debug_ranges  0x0000000000000048       0x28 ../UART_LCD_bsp//libhal_bsp.a(alt_exception_entry.o)

.debug_loclists
                0x0000000000000000      0x5dc
 .debug_loclists
                0x0000000000000000      0x113 obj/default/hello_world_small.o
 .debug_loclists
                0x0000000000000113       0xf9 ../UART_LCD_bsp//libhal_bsp.a(alt_iic.o)
 .debug_loclists
                0x000000000000020c      0x130 ../UART_LCD_bsp//libhal_bsp.a(alt_iic_isr_register.o)
 .debug_loclists
                0x000000000000033c       0x6e ../UART_LCD_bsp//libhal_bsp.a(alt_irq_handler.o)
 .debug_loclists
                0x00000000000003aa       0x1e ../UART_LCD_bsp//libhal_bsp.a(alt_sys_init.o)
 .debug_loclists
                0x00000000000003c8       0x1c ../UART_LCD_bsp//libhal_bsp.a(alt_dcache_flush_all.o)
 .debug_loclists
                0x00000000000003e4       0x82 ../UART_LCD_bsp//libhal_bsp.a(alt_instruction_exception_entry.o)
 .debug_loclists
                0x0000000000000466       0xaa ../UART_LCD_bsp//libhal_bsp.a(alt_icache_flush.o)
 .debug_loclists
                0x0000000000000510       0xcc /opt/intelFPGA_lite/22.1.2/nios2eds/bin/gnu/H-x86_64-pc-linux-gnu/bin/../lib/gcc/nios2-elf/12.2.1/../../../../../H-x86_64-pc-linux-gnu/nios2-elf/lib/libsmallc.a(lib_a-memcpy.o)

.debug_rnglists
                0x0000000000000000      0x125
 .debug_rnglists
                0x0000000000000000       0x91 obj/default/hello_world_small.o
 .debug_rnglists
                0x0000000000000091       0x13 ../UART_LCD_bsp//libhal_bsp.a(alt_iic_isr_register.o)
 .debug_rnglists
                0x00000000000000a4       0x1f ../UART_LCD_bsp//libhal_bsp.a(alt_irq_handler.o)
 .debug_rnglists
                0x00000000000000c3       0x23 ../UART_LCD_bsp//libhal_bsp.a(alt_load.o)
 .debug_rnglists
                0x00000000000000e6       0x19 ../UART_LCD_bsp//libhal_bsp.a(alt_instruction_exception_entry.o)
 .debug_rnglists
                0x00000000000000ff       0x13 ../UART_LCD_bsp//libhal_bsp.a(alt_icache_flush.o)
 .debug_rnglists
                0x0000000000000112       0x13 /opt/intelFPGA_lite/22.1.2/nios2eds/bin/gnu/H-x86_64-pc-linux-gnu/bin/../lib/gcc/nios2-elf/12.2.1/../../../../../H-x86_64-pc-linux-gnu/nios2-elf/lib/libsmallc.a(lib_a-memcpy.o)

.debug_line_str
                0x0000000000000000      0x503
 .debug_line_str
                0x0000000000000000       0xbf obj/default/hello_world_small.o
                                        0x137 (size before relaxing)
 .debug_line_str
                0x00000000000000bf       0xbd ../UART_LCD_bsp//libhal_bsp.a(alt_iic.o)
                                        0x143 (size before relaxing)
 .debug_line_str
                0x000000000000017c       0x2f ../UART_LCD_bsp//libhal_bsp.a(alt_iic_isr_register.o)
                                        0x152 (size before relaxing)
 .debug_line_str
                0x00000000000001ab       0x1a ../UART_LCD_bsp//libhal_bsp.a(alt_irq_handler.o)
                                        0x124 (size before relaxing)
 .debug_line_str
                0x00000000000001c5       0x17 ../UART_LCD_bsp//libhal_bsp.a(alt_irq_vars.o)
                                        0x103 (size before relaxing)
 .debug_line_str
                0x00000000000001dc       0x35 ../UART_LCD_bsp//libhal_bsp.a(alt_load.o)
                                        0x127 (size before relaxing)
 .debug_line_str
                0x0000000000000211       0x22 ../UART_LCD_bsp//libhal_bsp.a(alt_main.o)
                                        0x126 (size before relaxing)
 .debug_line_str
                0x0000000000000233       0x4f ../UART_LCD_bsp//libhal_bsp.a(alt_sys_init.o)
                                        0x137 (size before relaxing)
 .debug_line_str
                0x0000000000000282       0x1f ../UART_LCD_bsp//libhal_bsp.a(alt_dcache_flush_all.o)
                                        0x105 (size before relaxing)
 .debug_line_str
                0x00000000000002a1       0x1f ../UART_LCD_bsp//libhal_bsp.a(alt_icache_flush_all.o)
                                        0x135 (size before relaxing)
 .debug_line_str
                0x00000000000002c0       0x3b ../UART_LCD_bsp//libhal_bsp.a(alt_instruction_exception_entry.o)
                                        0x15b (size before relaxing)
 .debug_line_str
                0x00000000000002fb       0x20 ../UART_LCD_bsp//libhal_bsp.a(altera_nios2_gen2_irq.o)
                                        0x108 (size before relaxing)
 .debug_line_str
                0x000000000000031b       0x1b ../UART_LCD_bsp//libhal_bsp.a(alt_icache_flush.o)
                                        0x10f (size before relaxing)
 .debug_line_str
                0x0000000000000336      0x1cd /opt/intelFPGA_lite/22.1.2/nios2eds/bin/gnu/H-x86_64-pc-linux-gnu/bin/../lib/gcc/nios2-elf/12.2.1/../../../../../H-x86_64-pc-linux-gnu/nios2-elf/lib/libsmallc.a(lib_a-memcpy.o)
                                        0x296 (size before relaxing)
