Archive member included to satisfy reference by file (symbol)

../UART_LCD_bsp//libhal_bsp.a(alt_iic.o)
                              obj/default/hello_world_small.o (alt_ic_isr_register)
../UART_LCD_bsp//libhal_bsp.a(alt_iic_isr_register.o)
                              ../UART_LCD_bsp//libhal_bsp.a(alt_iic.o) (alt_iic_isr_register)
../UART_LCD_bsp//libhal_bsp.a(alt_irq_entry.o)
                              ../UART_LCD_bsp//libhal_bsp.a(alt_iic_isr_register.o) (alt_irq_entry)
../UART_LCD_bsp//libhal_bsp.a(alt_irq_handler.o)
                              ../UART_LCD_bsp//libhal_bsp.a(alt_iic_isr_register.o) (alt_irq_handler)
../UART_LCD_bsp//libhal_bsp.a(alt_irq_vars.o)
                              ../UART_LCD_bsp//libhal_bsp.a(alt_iic.o) (alt_irq_active)
../UART_LCD_bsp//libhal_bsp.a(alt_load.o)
                              ../UART_LCD_bsp//obj/HAL/src/crt0.o (alt_load)
../UART_LCD_bsp//libhal_bsp.a(alt_main.o)
                              ../UART_LCD_bsp//obj/HAL/src/crt0.o (alt_main)
../UART_LCD_bsp//libhal_bsp.a(alt_putstr.o)
                              obj/default/hello_world_small.o (alt_putstr)
../UART_LCD_bsp//libhal_bsp.a(alt_sys_init.o)
                              obj/default/hello_world_small.o (alt_irq_init)
../UART_LCD_bsp//libhal_bsp.a(altera_avalon_jtag_uart_write.o)
                              ../UART_LCD_bsp//libhal_bsp.a(alt_putstr.o) (altera_avalon_jtag_uart_write)
../UART_LCD_bsp//libhal_bsp.a(alt_dcache_flush_all.o)
                              ../UART_LCD_bsp//libhal_bsp.a(alt_load.o) (alt_dcache_flush_all)
../UART_LCD_bsp//libhal_bsp.a(alt_exception_entry.o)
                              ../UART_LCD_bsp//libhal_bsp.a(alt_irq_entry.o) (alt_exception)
../UART_LCD_bsp//libhal_bsp.a(alt_icache_flush_all.o)
                              ../UART_LCD_bsp//libhal_bsp.a(alt_load.o) (alt_icache_flush_all)
../UART_LCD_bsp//libhal_bsp.a(alt_instruction_exception_entry.o)
                              ../UART_LCD_bsp//libhal_bsp.a(alt_exception_entry.o) (alt_instruction_exception_entry)
../UART_LCD_bsp//libhal_bsp.a(altera_nios2_gen2_irq.o)
                              ../UART_LCD_bsp//libhal_bsp.a(alt_sys_init.o) (altera_nios2_gen2_irq_init)
../UART_LCD_bsp//libhal_bsp.a(alt_icache_flush.o)
                              ../UART_LCD_bsp//libhal_bsp.a(alt_icache_flush_all.o) (alt_icache_flush)
/opt/intelFPGA_lite/22.1.2/nios2eds/bin/gnu/H-x86_64-pc-linux-gnu/bin/../lib/gcc/nios2-elf/12.2.1/../../../../../H-x86_64-pc-linux-gnu/nios2-elf/lib/libsmallc.a(lib_a-memcpy.o)
                              ../UART_LCD_bsp//libhal_bsp.a(alt_load.o) (memcpy)
/opt/intelFPGA_lite/22.1.2/nios2eds/bin/gnu/H-x86_64-pc-linux-gnu/bin/../lib/gcc/nios2-elf/12.2.1/../../../../../H-x86_64-pc-linux-gnu/nios2-elf/lib/libsmallc.a(lib_a-strlen.o)
                              ../UART_LCD_bsp//libhal_bsp.a(alt_putstr.o) (strlen)

Memory Configuration

Name             Origin             Length             Attributes
reset            0x0000000000004000 0x0000000000000020
onchip_memory2_0 0x0000000000004020 0x00000000000027e0
*default*        0x0000000000000000 0xffffffffffffffff

Linker script and memory map

LOAD ../UART_LCD_bsp//obj/HAL/src/crt0.o
LOAD obj/default/hello_world_small.o
LOAD /opt/intelFPGA_lite/22.1.2/nios2eds/bin/gnu/H-x86_64-pc-linux-gnu/bin/../lib/gcc/nios2-elf/12.2.1/../../../../../H-x86_64-pc-linux-gnu/nios2-elf/lib/libstdc++.a
LOAD /opt/intelFPGA_lite/22.1.2/nios2eds/bin/gnu/H-x86_64-pc-linux-gnu/bin/../lib/gcc/nios2-elf/12.2.1/../../../../../H-x86_64-pc-linux-gnu/nios2-elf/lib/libm.a
LOAD /opt/intelFPGA_lite/22.1.2/nios2eds/bin/gnu/H-x86_64-pc-linux-gnu/bin/../lib/gcc/nios2-elf/12.2.1/libgcc.a
START GROUP
LOAD /opt/intelFPGA_lite/22.1.2/nios2eds/bin/gnu/H-x86_64-pc-linux-gnu/bin/../lib/gcc/nios2-elf/12.2.1/../../../../../H-x86_64-pc-linux-gnu/nios2-elf/lib/libsmallc.a
LOAD /opt/intelFPGA_lite/22.1.2/nios2eds/bin/gnu/H-x86_64-pc-linux-gnu/bin/../lib/gcc/nios2-elf/12.2.1/libgcc.a
LOAD ../UART_LCD_bsp//libhal_bsp.a
LOAD /opt/intelFPGA_lite/22.1.2/nios2eds/bin/gnu/H-x86_64-pc-linux-gnu/bin/../lib/gcc/nios2-elf/12.2.1/../../../../../H-x86_64-pc-linux-gnu/nios2-elf/lib/libm.a
END GROUP
LOAD /opt/intelFPGA_lite/22.1.2/nios2eds/bin/gnu/H-x86_64-pc-linux-gnu/bin/../lib/gcc/nios2-elf/12.2.1/libgcc.a
                0x0000000000004000                __alt_mem_onchip_memory2_0 = 0x4000

.entry          0x0000000000004000       0x20
 *(.entry)
 .entry         0x0000000000004000       0x20 ../UART_LCD_bsp//obj/HAL/src/crt0.o
                0x0000000000004000                __reset
                0x000000000000401c                _exit

.exceptions     0x0000000000004020      0x168
                0x0000000000004020                PROVIDE (__ram_exceptions_start = ABSOLUTE (.))
                0x0000000000004020                . = ALIGN (0x20)
 *(.irq)
 *(.exceptions.entry.label)
 .exceptions.entry.label
                0x0000000000004020        0x0 ../UART_LCD_bsp//libhal_bsp.a(alt_irq_entry.o)
                0x0000000000004020                alt_irq_entry
 .exceptions.entry.label
                0x0000000000004020        0x0 ../UART_LCD_bsp//libhal_bsp.a(alt_exception_entry.o)
                0x0000000000004020                alt_exception
 *(.exceptions.entry.user)
 *(.exceptions.entry.ecc_fatal)
 *(.exceptions.entry)
 .exceptions.entry
                0x0000000000004020       0x54 ../UART_LCD_bsp//libhal_bsp.a(alt_exception_entry.o)
 *(.exceptions.irqtest.user)
 *(.exceptions.irqtest)
 .exceptions.irqtest
                0x0000000000004074       0x10 ../UART_LCD_bsp//libhal_bsp.a(alt_irq_entry.o)
 *(.exceptions.irqhandler.user)
 *(.exceptions.irqhandler)
 .exceptions.irqhandler
                0x0000000000004084        0x4 ../UART_LCD_bsp//libhal_bsp.a(alt_irq_entry.o)
 *(.exceptions.irqreturn.user)
 *(.exceptions.irqreturn)
 .exceptions.irqreturn
                0x0000000000004088        0x4 ../UART_LCD_bsp//libhal_bsp.a(alt_irq_entry.o)
 *(.exceptions.notirq.label)
 .exceptions.notirq.label
                0x000000000000408c        0x0 ../UART_LCD_bsp//libhal_bsp.a(alt_irq_entry.o)
 *(.exceptions.notirq.user)
 *(.exceptions.notirq)
 .exceptions.notirq
                0x000000000000408c        0x8 ../UART_LCD_bsp//libhal_bsp.a(alt_exception_entry.o)
 *(.exceptions.soft.user)
 *(.exceptions.soft)
 *(.exceptions.unknown.user)
 *(.exceptions.unknown)
 .exceptions.unknown
                0x0000000000004094       0x14 ../UART_LCD_bsp//libhal_bsp.a(alt_exception_entry.o)
 *(.exceptions.exit.label)
 .exceptions.exit.label
                0x00000000000040a8        0x0 ../UART_LCD_bsp//libhal_bsp.a(alt_irq_entry.o)
 .exceptions.exit.label
                0x00000000000040a8        0x0 ../UART_LCD_bsp//libhal_bsp.a(alt_exception_entry.o)
 *(.exceptions.exit.user)
 *(.exceptions.exit)
 .exceptions.exit
                0x00000000000040a8       0x54 ../UART_LCD_bsp//libhal_bsp.a(alt_exception_entry.o)
 *(.exceptions)
 .exceptions    0x00000000000040fc       0x60 ../UART_LCD_bsp//libhal_bsp.a(alt_irq_handler.o)
                0x00000000000040fc                alt_irq_handler
 .exceptions    0x000000000000415c       0x2c ../UART_LCD_bsp//libhal_bsp.a(alt_instruction_exception_entry.o)
                0x000000000000415c                alt_instruction_exception_entry
                0x0000000000004188                PROVIDE (__ram_exceptions_end = ABSOLUTE (.))
                0x0000000000004020                PROVIDE (__flash_exceptions_start = LOADADDR (.exceptions))

.text           0x0000000000004188      0x618
                [!provide]                        PROVIDE (stext = ABSOLUTE (.))
 *(.interp)
 *(.hash)
 *(.dynsym)
 *(.dynstr)
 *(.gnu.version)
 *(.gnu.version_d)
 *(.gnu.version_r)
 *(.rel.init)
 *(.rela.init)
 *(.rel.text .rel.text.* .rel.gnu.linkonce.t.*)
 *(.rela.text .rela.text.* .rela.gnu.linkonce.t.*)
 *(.rel.fini)
 *(.rela.fini)
 *(.rel.rodata .rel.rodata.* .rel.gnu.linkonce.r.*)
 *(.rela.rodata .rela.rodata.* .rela.gnu.linkonce.r.*)
 *(.rel.data .rel.data.* .rel.gnu.linkonce.d.*)
 *(.rela.data .rela.data.* .rela.gnu.linkonce.d.*)
 *(.rel.tdata .rel.tdata.* .rel.gnu.linkonce.td.*)
 *(.rela.tdata .rela.tdata.* .rela.gnu.linkonce.td.*)
 *(.rel.tbss .rel.tbss.* .rel.gnu.linkonce.tb.*)
 *(.rela.tbss .rela.tbss.* .rela.gnu.linkonce.tb.*)
 *(.rel.ctors)
 *(.rela.ctors)
 *(.rel.dtors)
 *(.rela.dtors)
 *(.rel.got)
 *(.rela.got)
 *(.rel.sdata .rel.sdata.* .rel.gnu.linkonce.s.*)
 *(.rela.sdata .rela.sdata.* .rela.gnu.linkonce.s.*)
 *(.rel.sbss .rel.sbss.* .rel.gnu.linkonce.sb.*)
 *(.rela.sbss .rela.sbss.* .rela.gnu.linkonce.sb.*)
 *(.rel.sdata2 .rel.sdata2.* .rel.gnu.linkonce.s2.*)
 *(.rela.sdata2 .rela.sdata2.* .rela.gnu.linkonce.s2.*)
 *(.rel.sbss2 .rel.sbss2.* .rel.gnu.linkonce.sb2.*)
 *(.rela.sbss2 .rela.sbss2.* .rela.gnu.linkonce.sb2.*)
 *(.rel.bss .rel.bss.* .rel.gnu.linkonce.b.*)
 *(.rela.bss .rela.bss.* .rela.gnu.linkonce.b.*)
 *(.rel.plt)
 *(.rela.plt)
 *(.rel.dyn)
 *(.init)
 *(.plt)
 *(.text .stub .text.* .gnu.linkonce.t.*)
 .text          0x0000000000004188       0x4c ../UART_LCD_bsp//obj/HAL/src/crt0.o
                0x0000000000004188                _start
 .text          0x00000000000041d4       0x64 obj/default/hello_world_small.o
                0x00000000000041d4                UART_TXRX_CpltCallback
                0x0000000000004230                ParsedLoopElapsedCallback
 .text.startup  0x0000000000004238      0x248 obj/default/hello_world_small.o
                0x0000000000004238                main
 .text          0x0000000000004480       0x8c ../UART_LCD_bsp//libhal_bsp.a(alt_iic.o)
                0x0000000000004480                alt_ic_isr_register
                0x0000000000004484                alt_ic_irq_enable
                0x00000000000044bc                alt_ic_irq_disable
                0x00000000000044f4                alt_ic_irq_enabled
 .text          0x000000000000450c       0x68 ../UART_LCD_bsp//libhal_bsp.a(alt_iic_isr_register.o)
                0x000000000000450c                alt_iic_isr_register
 .text          0x0000000000004574        0x0 ../UART_LCD_bsp//libhal_bsp.a(alt_irq_entry.o)
 .text          0x0000000000004574        0x0 ../UART_LCD_bsp//libhal_bsp.a(alt_irq_handler.o)
 .text          0x0000000000004574        0x0 ../UART_LCD_bsp//libhal_bsp.a(alt_irq_vars.o)
 .text          0x0000000000004574       0x84 ../UART_LCD_bsp//libhal_bsp.a(alt_load.o)
                0x0000000000004574                alt_load
 .text          0x00000000000045f8       0x2c ../UART_LCD_bsp//libhal_bsp.a(alt_main.o)
                0x00000000000045f8                alt_main
 .text          0x0000000000004624       0x38 ../UART_LCD_bsp//libhal_bsp.a(alt_putstr.o)
                0x0000000000004624                alt_putstr
 .text          0x000000000000465c       0x24 ../UART_LCD_bsp//libhal_bsp.a(alt_sys_init.o)
                0x000000000000465c                alt_irq_init
                0x000000000000467c                alt_sys_init
 .text          0x0000000000004680       0x30 ../UART_LCD_bsp//libhal_bsp.a(altera_avalon_jtag_uart_write.o)
                0x0000000000004680                altera_avalon_jtag_uart_write
 .text          0x00000000000046b0       0x18 ../UART_LCD_bsp//libhal_bsp.a(alt_dcache_flush_all.o)
                0x00000000000046b0                alt_dcache_flush_all
 .text          0x00000000000046c8        0x0 ../UART_LCD_bsp//libhal_bsp.a(alt_exception_entry.o)
 .text          0x00000000000046c8        0xc ../UART_LCD_bsp//libhal_bsp.a(alt_icache_flush_all.o)
                0x00000000000046c8                alt_icache_flush_all
 .text          0x00000000000046d4       0x24 ../UART_LCD_bsp//libhal_bsp.a(alt_instruction_exception_entry.o)
                0x00000000000046d4                alt_exception_cause_generated_bad_addr
 .text          0x00000000000046f8        0x8 ../UART_LCD_bsp//libhal_bsp.a(altera_nios2_gen2_irq.o)
                0x00000000000046f8                altera_nios2_gen2_irq_init
 .text          0x0000000000004700       0x5c ../UART_LCD_bsp//libhal_bsp.a(alt_icache_flush.o)
                0x0000000000004700                alt_icache_flush
 .text          0x000000000000475c        0x0 /opt/intelFPGA_lite/22.1.2/nios2eds/bin/gnu/H-x86_64-pc-linux-gnu/bin/../lib/gcc/nios2-elf/12.2.1/../../../../../H-x86_64-pc-linux-gnu/nios2-elf/lib/libsmallc.a(lib_a-memcpy.o)
 .text.memcpy   0x000000000000475c       0x28 /opt/intelFPGA_lite/22.1.2/nios2eds/bin/gnu/H-x86_64-pc-linux-gnu/bin/../lib/gcc/nios2-elf/12.2.1/../../../../../H-x86_64-pc-linux-gnu/nios2-elf/lib/libsmallc.a(lib_a-memcpy.o)
                0x000000000000475c                memcpy
 .text          0x0000000000004784        0x0 /opt/intelFPGA_lite/22.1.2/nios2eds/bin/gnu/H-x86_64-pc-linux-gnu/bin/../lib/gcc/nios2-elf/12.2.1/../../../../../H-x86_64-pc-linux-gnu/nios2-elf/lib/libsmallc.a(lib_a-strlen.o)
 .text.strlen   0x0000000000004784       0x1c /opt/intelFPGA_lite/22.1.2/nios2eds/bin/gnu/H-x86_64-pc-linux-gnu/bin/../lib/gcc/nios2-elf/12.2.1/../../../../../H-x86_64-pc-linux-gnu/nios2-elf/lib/libsmallc.a(lib_a-strlen.o)
                0x0000000000004784                strlen
 *(.gnu.warning.*)
 *(.fini)
                [!provide]                        PROVIDE (__etext = ABSOLUTE (.))
                [!provide]                        PROVIDE (_etext = ABSOLUTE (.))
                [!provide]                        PROVIDE (etext = ABSOLUTE (.))
 *(.eh_frame_hdr)
                0x00000000000047a0                . = ALIGN (0x4)
                [!provide]                        PROVIDE (__preinit_array_start = ABSOLUTE (.))
 *(.preinit_array)
                [!provide]                        PROVIDE (__preinit_array_end = ABSOLUTE (.))
                [!provide]                        PROVIDE (__init_array_start = ABSOLUTE (.))
 *(.init_array)
                [!provide]                        PROVIDE (__init_array_end = ABSOLUTE (.))
                [!provide]                        PROVIDE (__fini_array_start = ABSOLUTE (.))
 *(.fini_array)
                [!provide]                        PROVIDE (__fini_array_end = ABSOLUTE (.))
 *(.eh_frame)
 *(.gcc_except_table .gcc_except_table.*)
 *(.dynamic)
                [!provide]                        PROVIDE (__CTOR_LIST__ = ABSOLUTE (.))
 *(.ctors)
 *(SORT_BY_NAME(.ctors.*))
                [!provide]                        PROVIDE (__CTOR_END__ = ABSOLUTE (.))
                [!provide]                        PROVIDE (__DTOR_LIST__ = ABSOLUTE (.))
 *(.dtors)
 *(SORT_BY_NAME(.dtors.*))
                [!provide]                        PROVIDE (__DTOR_END__ = ABSOLUTE (.))
 *(.jcr)
                0x00000000000047a0                . = ALIGN (0x4)

.rodata         0x00000000000047a0       0x18
                0x00000000000047a0                PROVIDE (__ram_rodata_start = ABSOLUTE (.))
                0x00000000000047a0                . = ALIGN (0x4)
 *(.rodata .rodata.* .gnu.linkonce.r.*)
 .rodata.str1.4
                0x00000000000047a0       0x15 obj/default/hello_world_small.o
 *(.rodata1)
                0x00000000000047b8                . = ALIGN (0x4)
 *fill*         0x00000000000047b5        0x3 
                0x00000000000047b8                PROVIDE (__ram_rodata_end = ABSOLUTE (.))
                0x00000000000047a0                PROVIDE (__flash_rodata_start = LOADADDR (.rodata))

.rwdata         0x00000000000047b8       0x34 load address 0x00000000000047ec
                0x00000000000047b8                PROVIDE (__ram_rwdata_start = ABSOLUTE (.))
                0x00000000000047b8                . = ALIGN (0x4)
 *(.got.plt)
 *(.got)
 *(.data1)
 *(.data .data.* .gnu.linkonce.d.*)
 .data          0x00000000000047b8        0x0 ../UART_LCD_bsp//obj/HAL/src/crt0.o
 .data          0x00000000000047b8        0x0 obj/default/hello_world_small.o
 .data          0x00000000000047b8        0x0 ../UART_LCD_bsp//libhal_bsp.a(alt_iic.o)
 .data          0x00000000000047b8        0x0 ../UART_LCD_bsp//libhal_bsp.a(alt_iic_isr_register.o)
 .data          0x00000000000047b8        0x0 ../UART_LCD_bsp//libhal_bsp.a(alt_irq_entry.o)
 .data          0x00000000000047b8        0x0 ../UART_LCD_bsp//libhal_bsp.a(alt_irq_handler.o)
 .data          0x00000000000047b8        0x0 ../UART_LCD_bsp//libhal_bsp.a(alt_irq_vars.o)
 .data          0x00000000000047b8        0x0 ../UART_LCD_bsp//libhal_bsp.a(alt_load.o)
 .data          0x00000000000047b8        0x0 ../UART_LCD_bsp//libhal_bsp.a(alt_main.o)
 .data          0x00000000000047b8        0x0 ../UART_LCD_bsp//libhal_bsp.a(alt_putstr.o)
 .data          0x00000000000047b8        0x0 ../UART_LCD_bsp//libhal_bsp.a(alt_sys_init.o)
 .data          0x00000000000047b8        0x0 ../UART_LCD_bsp//libhal_bsp.a(altera_avalon_jtag_uart_write.o)
 .data          0x00000000000047b8        0x0 ../UART_LCD_bsp//libhal_bsp.a(alt_dcache_flush_all.o)
 .data          0x00000000000047b8        0x0 ../UART_LCD_bsp//libhal_bsp.a(alt_exception_entry.o)
 .data          0x00000000000047b8        0x0 ../UART_LCD_bsp//libhal_bsp.a(alt_icache_flush_all.o)
 .data          0x00000000000047b8        0x0 ../UART_LCD_bsp//libhal_bsp.a(alt_instruction_exception_entry.o)
 .data          0x00000000000047b8        0x0 ../UART_LCD_bsp//libhal_bsp.a(altera_nios2_gen2_irq.o)
 .data          0x00000000000047b8        0x0 ../UART_LCD_bsp//libhal_bsp.a(alt_icache_flush.o)
 .data          0x00000000000047b8        0x0 /opt/intelFPGA_lite/22.1.2/nios2eds/bin/gnu/H-x86_64-pc-linux-gnu/bin/../lib/gcc/nios2-elf/12.2.1/../../../../../H-x86_64-pc-linux-gnu/nios2-elf/lib/libsmallc.a(lib_a-memcpy.o)
 .data          0x00000000000047b8        0x0 /opt/intelFPGA_lite/22.1.2/nios2eds/bin/gnu/H-x86_64-pc-linux-gnu/bin/../lib/gcc/nios2-elf/12.2.1/../../../../../H-x86_64-pc-linux-gnu/nios2-elf/lib/libsmallc.a(lib_a-strlen.o)
                0x000000000000c7b8                _gp = ABSOLUTE ((. + 0x8000))
                [!provide]                        PROVIDE (gp = _gp)
 *(.rwdata .rwdata.*)
 *(.sdata .sdata.* .gnu.linkonce.s.*)
 .sdata         0x00000000000047b8       0x2c obj/default/hello_world_small.o
                0x00000000000047b8                EnableReception
                0x00000000000047bc                ParsedLoopFlag
                0x00000000000047c0                UARTStatus
                0x00000000000047c4                StartTX
                0x00000000000047c8                StatusLed
                0x00000000000047cc                ControlBase
                0x00000000000047d0                TXDataSel
                0x00000000000047d4                RXDataReg
                0x00000000000047d8                TXDataReg
                0x00000000000047dc                RXLDCaReg
                0x00000000000047e0                TXLCDReg
 .sdata         0x00000000000047e4        0x4 ../UART_LCD_bsp//libhal_bsp.a(alt_irq_vars.o)
                0x00000000000047e4                alt_priority_mask
 .sdata         0x00000000000047e8        0x4 ../UART_LCD_bsp//libhal_bsp.a(alt_sys_init.o)
                0x00000000000047e8                jtag_uart_0
 *(.sdata2 .sdata2.* .gnu.linkonce.s2.*)
                0x00000000000047ec                . = ALIGN (0x4)
                0x00000000000047ec                _edata = ABSOLUTE (.)
                [!provide]                        PROVIDE (edata = ABSOLUTE (.))
                0x00000000000047ec                PROVIDE (__ram_rwdata_end = ABSOLUTE (.))
                0x00000000000047ec                PROVIDE (__flash_rwdata_start = LOADADDR (.rwdata))

.bss            0x0000000000004820      0x15c
                0x0000000000004820                __bss_start = ABSOLUTE (.)
                [!provide]                        PROVIDE (__sbss_start = ABSOLUTE (.))
                [!provide]                        PROVIDE (___sbss_start = ABSOLUTE (.))
 *(.dynsbss)
 *(.sbss .sbss.* .gnu.linkonce.sb.*)
 .sbss          0x0000000000004820       0x48 obj/default/hello_world_small.o
                0x0000000000004844                needToClearTX
                0x0000000000004848                TXIsBusy
                0x000000000000484c                DataRX
                0x0000000000004850                EndOfWordRX
                0x0000000000004854                PortReadTX
                0x0000000000004858                RXCounts
                0x000000000000485c                WordRX
                0x0000000000004860                pParsedLoop_IRQ
                0x0000000000004864                pUART_TXRX_IRQ
 .sbss          0x0000000000004868        0x4 ../UART_LCD_bsp//libhal_bsp.a(alt_irq_vars.o)
                0x0000000000004868                alt_irq_active
 .sbss          0x000000000000486c        0xc ../UART_LCD_bsp//libhal_bsp.a(alt_main.o)
                0x000000000000486c                alt_envp
                0x0000000000004870                alt_argv
                0x0000000000004874                alt_argc
 .sbss          0x0000000000004878        0x4 ../UART_LCD_bsp//libhal_bsp.a(alt_instruction_exception_entry.o)
                0x0000000000004878                alt_instruction_exception_handler
 *(.sbss2 .sbss2.* .gnu.linkonce.sb2.*)
 *(.scommon)
                [!provide]                        PROVIDE (__sbss_end = ABSOLUTE (.))
                [!provide]                        PROVIDE (___sbss_end = ABSOLUTE (.))
 *(.dynbss)
 *(.bss .bss.* .gnu.linkonce.b.*)
 .bss           0x000000000000487c        0x0 ../UART_LCD_bsp//obj/HAL/src/crt0.o
 .bss           0x000000000000487c        0x0 obj/default/hello_world_small.o
 .bss           0x000000000000487c        0x0 ../UART_LCD_bsp//libhal_bsp.a(alt_iic.o)
 .bss           0x000000000000487c        0x0 ../UART_LCD_bsp//libhal_bsp.a(alt_iic_isr_register.o)
 .bss           0x000000000000487c        0x0 ../UART_LCD_bsp//libhal_bsp.a(alt_irq_entry.o)
 .bss           0x000000000000487c      0x100 ../UART_LCD_bsp//libhal_bsp.a(alt_irq_handler.o)
                0x000000000000487c                alt_irq
 .bss           0x000000000000497c        0x0 ../UART_LCD_bsp//libhal_bsp.a(alt_irq_vars.o)
 .bss           0x000000000000497c        0x0 ../UART_LCD_bsp//libhal_bsp.a(alt_load.o)
 .bss           0x000000000000497c        0x0 ../UART_LCD_bsp//libhal_bsp.a(alt_main.o)
 .bss           0x000000000000497c        0x0 ../UART_LCD_bsp//libhal_bsp.a(alt_putstr.o)
 .bss           0x000000000000497c        0x0 ../UART_LCD_bsp//libhal_bsp.a(alt_sys_init.o)
 .bss           0x000000000000497c        0x0 ../UART_LCD_bsp//libhal_bsp.a(altera_avalon_jtag_uart_write.o)
 .bss           0x000000000000497c        0x0 ../UART_LCD_bsp//libhal_bsp.a(alt_dcache_flush_all.o)
 .bss           0x000000000000497c        0x0 ../UART_LCD_bsp//libhal_bsp.a(alt_exception_entry.o)
 .bss           0x000000000000497c        0x0 ../UART_LCD_bsp//libhal_bsp.a(alt_icache_flush_all.o)
 .bss           0x000000000000497c        0x0 ../UART_LCD_bsp//libhal_bsp.a(alt_instruction_exception_entry.o)
 .bss           0x000000000000497c        0x0 ../UART_LCD_bsp//libhal_bsp.a(altera_nios2_gen2_irq.o)
 .bss           0x000000000000497c        0x0 ../UART_LCD_bsp//libhal_bsp.a(alt_icache_flush.o)
 .bss           0x000000000000497c        0x0 /opt/intelFPGA_lite/22.1.2/nios2eds/bin/gnu/H-x86_64-pc-linux-gnu/bin/../lib/gcc/nios2-elf/12.2.1/../../../../../H-x86_64-pc-linux-gnu/nios2-elf/lib/libsmallc.a(lib_a-memcpy.o)
 .bss           0x000000000000497c        0x0 /opt/intelFPGA_lite/22.1.2/nios2eds/bin/gnu/H-x86_64-pc-linux-gnu/bin/../lib/gcc/nios2-elf/12.2.1/../../../../../H-x86_64-pc-linux-gnu/nios2-elf/lib/libsmallc.a(lib_a-strlen.o)
 *(COMMON)
                0x000000000000497c                . = ALIGN (0x4)
                0x000000000000497c                __bss_end = ABSOLUTE (.)

.onchip_memory2_0
                0x000000000000497c        0x0
                [!provide]                        PROVIDE (_alt_partition_onchip_memory2_0_start = ABSOLUTE (.))
 *(.onchip_memory2_0 .onchip_memory2_0. onchip_memory2_0.*)
                0x000000000000497c                . = ALIGN (0x4)
                [!provide]                        PROVIDE (_alt_partition_onchip_memory2_0_end = ABSOLUTE (.))
                0x000000000000497c                _end = ABSOLUTE (.)
                0x000000000000497c                end = ABSOLUTE (.)
                0x000000000000497c                __alt_stack_base = ABSOLUTE (.)
                [!provide]                        PROVIDE (_alt_partition_onchip_memory2_0_load_addr = LOADADDR (.onchip_memory2_0))

.stab
 *(.stab)

.stabstr
 *(.stabstr)

.stab.excl
 *(.stab.excl)

.stab.exclstr
 *(.stab.exclstr)

.stab.index
 *(.stab.index)

.stab.indexstr
 *(.stab.indexstr)

.comment        0x0000000000000000       0x2d
 *(.comment)
 .comment       0x0000000000000000       0x2d obj/default/hello_world_small.o
                                         0x2e (size before relaxing)
 .comment       0x000000000000002d       0x2e ../UART_LCD_bsp//libhal_bsp.a(alt_iic.o)
 .comment       0x000000000000002d       0x2e ../UART_LCD_bsp//libhal_bsp.a(alt_iic_isr_register.o)
 .comment       0x000000000000002d       0x2e ../UART_LCD_bsp//libhal_bsp.a(alt_irq_handler.o)
 .comment       0x000000000000002d       0x2e ../UART_LCD_bsp//libhal_bsp.a(alt_irq_vars.o)
 .comment       0x000000000000002d       0x2e ../UART_LCD_bsp//libhal_bsp.a(alt_load.o)
 .comment       0x000000000000002d       0x2e ../UART_LCD_bsp//libhal_bsp.a(alt_main.o)
 .comment       0x000000000000002d       0x2e ../UART_LCD_bsp//libhal_bsp.a(alt_putstr.o)
 .comment       0x000000000000002d       0x2e ../UART_LCD_bsp//libhal_bsp.a(alt_sys_init.o)
 .comment       0x000000000000002d       0x2e ../UART_LCD_bsp//libhal_bsp.a(altera_avalon_jtag_uart_write.o)
 .comment       0x000000000000002d       0x2e ../UART_LCD_bsp//libhal_bsp.a(alt_dcache_flush_all.o)
 .comment       0x000000000000002d       0x2e ../UART_LCD_bsp//libhal_bsp.a(alt_icache_flush_all.o)
 .comment       0x000000000000002d       0x2e ../UART_LCD_bsp//libhal_bsp.a(alt_instruction_exception_entry.o)
 .comment       0x000000000000002d       0x2e ../UART_LCD_bsp//libhal_bsp.a(altera_nios2_gen2_irq.o)
 .comment       0x000000000000002d       0x2e ../UART_LCD_bsp//libhal_bsp.a(alt_icache_flush.o)
 .comment       0x000000000000002d       0x2e /opt/intelFPGA_lite/22.1.2/nios2eds/bin/gnu/H-x86_64-pc-linux-gnu/bin/../lib/gcc/nios2-elf/12.2.1/../../../../../H-x86_64-pc-linux-gnu/nios2-elf/lib/libsmallc.a(lib_a-memcpy.o)
 .comment       0x000000000000002d       0x2e /opt/intelFPGA_lite/22.1.2/nios2eds/bin/gnu/H-x86_64-pc-linux-gnu/bin/../lib/gcc/nios2-elf/12.2.1/../../../../../H-x86_64-pc-linux-gnu/nios2-elf/lib/libsmallc.a(lib_a-strlen.o)

.debug
 *(.debug)

.line
 *(.line)

.debug_srcinfo
 *(.debug_srcinfo)

.debug_sfnames
 *(.debug_sfnames)

.debug_aranges  0x0000000000000000      0x2b0
 *(.debug_aranges)
 .debug_aranges
                0x0000000000000000       0x28 ../UART_LCD_bsp//obj/HAL/src/crt0.o
 .debug_aranges
                0x0000000000000028       0x28 obj/default/hello_world_small.o
 .debug_aranges
                0x0000000000000050       0x20 ../UART_LCD_bsp//libhal_bsp.a(alt_iic.o)
 .debug_aranges
                0x0000000000000070       0x20 ../UART_LCD_bsp//libhal_bsp.a(alt_iic_isr_register.o)
 .debug_aranges
                0x0000000000000090       0x30 ../UART_LCD_bsp//libhal_bsp.a(alt_irq_entry.o)
 .debug_aranges
                0x00000000000000c0       0x20 ../UART_LCD_bsp//libhal_bsp.a(alt_irq_handler.o)
 .debug_aranges
                0x00000000000000e0       0x18 ../UART_LCD_bsp//libhal_bsp.a(alt_irq_vars.o)
 .debug_aranges
                0x00000000000000f8       0x20 ../UART_LCD_bsp//libhal_bsp.a(alt_load.o)
 .debug_aranges
                0x0000000000000118       0x20 ../UART_LCD_bsp//libhal_bsp.a(alt_main.o)
 .debug_aranges
                0x0000000000000138       0x20 ../UART_LCD_bsp//libhal_bsp.a(alt_putstr.o)
 .debug_aranges
                0x0000000000000158       0x20 ../UART_LCD_bsp//libhal_bsp.a(alt_sys_init.o)
 .debug_aranges
                0x0000000000000178       0x20 ../UART_LCD_bsp//libhal_bsp.a(altera_avalon_jtag_uart_write.o)
 .debug_aranges
                0x0000000000000198       0x20 ../UART_LCD_bsp//libhal_bsp.a(alt_dcache_flush_all.o)
 .debug_aranges
                0x00000000000001b8       0x30 ../UART_LCD_bsp//libhal_bsp.a(alt_exception_entry.o)
 .debug_aranges
                0x00000000000001e8       0x20 ../UART_LCD_bsp//libhal_bsp.a(alt_icache_flush_all.o)
 .debug_aranges
                0x0000000000000208       0x28 ../UART_LCD_bsp//libhal_bsp.a(alt_instruction_exception_entry.o)
 .debug_aranges
                0x0000000000000230       0x20 ../UART_LCD_bsp//libhal_bsp.a(altera_nios2_gen2_irq.o)
 .debug_aranges
                0x0000000000000250       0x20 ../UART_LCD_bsp//libhal_bsp.a(alt_icache_flush.o)
 .debug_aranges
                0x0000000000000270       0x20 /opt/intelFPGA_lite/22.1.2/nios2eds/bin/gnu/H-x86_64-pc-linux-gnu/bin/../lib/gcc/nios2-elf/12.2.1/../../../../../H-x86_64-pc-linux-gnu/nios2-elf/lib/libsmallc.a(lib_a-memcpy.o)
 .debug_aranges
                0x0000000000000290       0x20 /opt/intelFPGA_lite/22.1.2/nios2eds/bin/gnu/H-x86_64-pc-linux-gnu/bin/../lib/gcc/nios2-elf/12.2.1/../../../../../H-x86_64-pc-linux-gnu/nios2-elf/lib/libsmallc.a(lib_a-strlen.o)

.debug_pubnames
 *(.debug_pubnames)

.debug_info     0x0000000000000000     0x1e66
 *(.debug_info .gnu.linkonce.wi.*)
 .debug_info    0x0000000000000000       0x22 ../UART_LCD_bsp//obj/HAL/src/crt0.o
 .debug_info    0x0000000000000022      0x766 obj/default/hello_world_small.o
 .debug_info    0x0000000000000788      0x3d8 ../UART_LCD_bsp//libhal_bsp.a(alt_iic.o)
 .debug_info    0x0000000000000b60      0x27f ../UART_LCD_bsp//libhal_bsp.a(alt_iic_isr_register.o)
 .debug_info    0x0000000000000ddf       0x22 ../UART_LCD_bsp//libhal_bsp.a(alt_irq_entry.o)
 .debug_info    0x0000000000000e01      0x195 ../UART_LCD_bsp//libhal_bsp.a(alt_irq_handler.o)
 .debug_info    0x0000000000000f96       0x88 ../UART_LCD_bsp//libhal_bsp.a(alt_irq_vars.o)
 .debug_info    0x000000000000101e      0x239 ../UART_LCD_bsp//libhal_bsp.a(alt_load.o)
 .debug_info    0x0000000000001257      0x13e ../UART_LCD_bsp//libhal_bsp.a(alt_main.o)
 .debug_info    0x0000000000001395      0x15c ../UART_LCD_bsp//libhal_bsp.a(alt_putstr.o)
 .debug_info    0x00000000000014f1      0x127 ../UART_LCD_bsp//libhal_bsp.a(alt_sys_init.o)
 .debug_info    0x0000000000001618      0x149 ../UART_LCD_bsp//libhal_bsp.a(altera_avalon_jtag_uart_write.o)
 .debug_info    0x0000000000001761       0xa6 ../UART_LCD_bsp//libhal_bsp.a(alt_dcache_flush_all.o)
 .debug_info    0x0000000000001807       0x22 ../UART_LCD_bsp//libhal_bsp.a(alt_exception_entry.o)
 .debug_info    0x0000000000001829       0xc9 ../UART_LCD_bsp//libhal_bsp.a(alt_icache_flush_all.o)
 .debug_info    0x00000000000018f2      0x209 ../UART_LCD_bsp//libhal_bsp.a(alt_instruction_exception_entry.o)
 .debug_info    0x0000000000001afb       0x8d ../UART_LCD_bsp//libhal_bsp.a(altera_nios2_gen2_irq.o)
 .debug_info    0x0000000000001b88       0xec ../UART_LCD_bsp//libhal_bsp.a(alt_icache_flush.o)
 .debug_info    0x0000000000001c74      0x121 /opt/intelFPGA_lite/22.1.2/nios2eds/bin/gnu/H-x86_64-pc-linux-gnu/bin/../lib/gcc/nios2-elf/12.2.1/../../../../../H-x86_64-pc-linux-gnu/nios2-elf/lib/libsmallc.a(lib_a-memcpy.o)
 .debug_info    0x0000000000001d95       0xd1 /opt/intelFPGA_lite/22.1.2/nios2eds/bin/gnu/H-x86_64-pc-linux-gnu/bin/../lib/gcc/nios2-elf/12.2.1/../../../../../H-x86_64-pc-linux-gnu/nios2-elf/lib/libsmallc.a(lib_a-strlen.o)

.debug_abbrev   0x0000000000000000     0x1128
 *(.debug_abbrev)
 .debug_abbrev  0x0000000000000000       0x12 ../UART_LCD_bsp//obj/HAL/src/crt0.o
 .debug_abbrev  0x0000000000000012      0x2c2 obj/default/hello_world_small.o
 .debug_abbrev  0x00000000000002d4      0x1dd ../UART_LCD_bsp//libhal_bsp.a(alt_iic.o)
 .debug_abbrev  0x00000000000004b1      0x1d9 ../UART_LCD_bsp//libhal_bsp.a(alt_iic_isr_register.o)
 .debug_abbrev  0x000000000000068a       0x12 ../UART_LCD_bsp//libhal_bsp.a(alt_irq_entry.o)
 .debug_abbrev  0x000000000000069c      0x147 ../UART_LCD_bsp//libhal_bsp.a(alt_irq_handler.o)
 .debug_abbrev  0x00000000000007e3       0x46 ../UART_LCD_bsp//libhal_bsp.a(alt_irq_vars.o)
 .debug_abbrev  0x0000000000000829      0x12c ../UART_LCD_bsp//libhal_bsp.a(alt_load.o)
 .debug_abbrev  0x0000000000000955       0xeb ../UART_LCD_bsp//libhal_bsp.a(alt_main.o)
 .debug_abbrev  0x0000000000000a40       0xd3 ../UART_LCD_bsp//libhal_bsp.a(alt_putstr.o)
 .debug_abbrev  0x0000000000000b13      0x107 ../UART_LCD_bsp//libhal_bsp.a(alt_sys_init.o)
 .debug_abbrev  0x0000000000000c1a       0xdc ../UART_LCD_bsp//libhal_bsp.a(altera_avalon_jtag_uart_write.o)
 .debug_abbrev  0x0000000000000cf6       0x60 ../UART_LCD_bsp//libhal_bsp.a(alt_dcache_flush_all.o)
 .debug_abbrev  0x0000000000000d56       0x12 ../UART_LCD_bsp//libhal_bsp.a(alt_exception_entry.o)
 .debug_abbrev  0x0000000000000d68       0x8a ../UART_LCD_bsp//libhal_bsp.a(alt_icache_flush_all.o)
 .debug_abbrev  0x0000000000000df2      0x106 ../UART_LCD_bsp//libhal_bsp.a(alt_instruction_exception_entry.o)
 .debug_abbrev  0x0000000000000ef8       0x43 ../UART_LCD_bsp//libhal_bsp.a(altera_nios2_gen2_irq.o)
 .debug_abbrev  0x0000000000000f3b       0xa0 ../UART_LCD_bsp//libhal_bsp.a(alt_icache_flush.o)
 .debug_abbrev  0x0000000000000fdb       0xc1 /opt/intelFPGA_lite/22.1.2/nios2eds/bin/gnu/H-x86_64-pc-linux-gnu/bin/../lib/gcc/nios2-elf/12.2.1/../../../../../H-x86_64-pc-linux-gnu/nios2-elf/lib/libsmallc.a(lib_a-memcpy.o)
 .debug_abbrev  0x000000000000109c       0x8c /opt/intelFPGA_lite/22.1.2/nios2eds/bin/gnu/H-x86_64-pc-linux-gnu/bin/../lib/gcc/nios2-elf/12.2.1/../../../../../H-x86_64-pc-linux-gnu/nios2-elf/lib/libsmallc.a(lib_a-strlen.o)

.debug_line     0x0000000000000000      0xf5e
 *(.debug_line)
 .debug_line    0x0000000000000000       0x72 ../UART_LCD_bsp//obj/HAL/src/crt0.o
 .debug_line    0x0000000000000072      0x394 obj/default/hello_world_small.o
 .debug_line    0x0000000000000406      0x152 ../UART_LCD_bsp//libhal_bsp.a(alt_iic.o)
 .debug_line    0x0000000000000558      0x115 ../UART_LCD_bsp//libhal_bsp.a(alt_iic_isr_register.o)
 .debug_line    0x000000000000066d       0x6b ../UART_LCD_bsp//libhal_bsp.a(alt_irq_entry.o)
 .debug_line    0x00000000000006d8       0xf9 ../UART_LCD_bsp//libhal_bsp.a(alt_irq_handler.o)
 .debug_line    0x00000000000007d1       0x43 ../UART_LCD_bsp//libhal_bsp.a(alt_irq_vars.o)
 .debug_line    0x0000000000000814       0xd2 ../UART_LCD_bsp//libhal_bsp.a(alt_load.o)
 .debug_line    0x00000000000008e6       0xa2 ../UART_LCD_bsp//libhal_bsp.a(alt_main.o)
 .debug_line    0x0000000000000988       0x79 ../UART_LCD_bsp//libhal_bsp.a(alt_putstr.o)
 .debug_line    0x0000000000000a01       0x8e ../UART_LCD_bsp//libhal_bsp.a(alt_sys_init.o)
 .debug_line    0x0000000000000a8f       0x93 ../UART_LCD_bsp//libhal_bsp.a(altera_avalon_jtag_uart_write.o)
 .debug_line    0x0000000000000b22       0x70 ../UART_LCD_bsp//libhal_bsp.a(alt_dcache_flush_all.o)
 .debug_line    0x0000000000000b92       0x9d ../UART_LCD_bsp//libhal_bsp.a(alt_exception_entry.o)
 .debug_line    0x0000000000000c2f       0x67 ../UART_LCD_bsp//libhal_bsp.a(alt_icache_flush_all.o)
 .debug_line    0x0000000000000c96       0xc2 ../UART_LCD_bsp//libhal_bsp.a(alt_instruction_exception_entry.o)
 .debug_line    0x0000000000000d58       0x54 ../UART_LCD_bsp//libhal_bsp.a(altera_nios2_gen2_irq.o)
 .debug_line    0x0000000000000dac       0xaa ../UART_LCD_bsp//libhal_bsp.a(alt_icache_flush.o)
 .debug_line    0x0000000000000e56       0x8c /opt/intelFPGA_lite/22.1.2/nios2eds/bin/gnu/H-x86_64-pc-linux-gnu/bin/../lib/gcc/nios2-elf/12.2.1/../../../../../H-x86_64-pc-linux-gnu/nios2-elf/lib/libsmallc.a(lib_a-memcpy.o)
 .debug_line    0x0000000000000ee2       0x7c /opt/intelFPGA_lite/22.1.2/nios2eds/bin/gnu/H-x86_64-pc-linux-gnu/bin/../lib/gcc/nios2-elf/12.2.1/../../../../../H-x86_64-pc-linux-gnu/nios2-elf/lib/libsmallc.a(lib_a-strlen.o)

.debug_frame    0x0000000000000000      0x2d8
 *(.debug_frame)
 .debug_frame   0x0000000000000000       0x48 obj/default/hello_world_small.o
 .debug_frame   0x0000000000000048       0x50 ../UART_LCD_bsp//libhal_bsp.a(alt_iic.o)
 .debug_frame   0x0000000000000098       0x38 ../UART_LCD_bsp//libhal_bsp.a(alt_iic_isr_register.o)
 .debug_frame   0x00000000000000d0       0x34 ../UART_LCD_bsp//libhal_bsp.a(alt_irq_handler.o)
 .debug_frame   0x0000000000000104       0x2c ../UART_LCD_bsp//libhal_bsp.a(alt_load.o)
 .debug_frame   0x0000000000000130       0x2c ../UART_LCD_bsp//libhal_bsp.a(alt_main.o)
 .debug_frame   0x000000000000015c       0x30 ../UART_LCD_bsp//libhal_bsp.a(alt_putstr.o)
 .debug_frame   0x000000000000018c       0x3c ../UART_LCD_bsp//libhal_bsp.a(alt_sys_init.o)
 .debug_frame   0x00000000000001c8       0x20 ../UART_LCD_bsp//libhal_bsp.a(altera_avalon_jtag_uart_write.o)
 .debug_frame   0x00000000000001e8       0x20 ../UART_LCD_bsp//libhal_bsp.a(alt_dcache_flush_all.o)
 .debug_frame   0x0000000000000208       0x20 ../UART_LCD_bsp//libhal_bsp.a(alt_icache_flush_all.o)
 .debug_frame   0x0000000000000228       0x30 ../UART_LCD_bsp//libhal_bsp.a(alt_instruction_exception_entry.o)
 .debug_frame   0x0000000000000258       0x20 ../UART_LCD_bsp//libhal_bsp.a(altera_nios2_gen2_irq.o)
 .debug_frame   0x0000000000000278       0x20 ../UART_LCD_bsp//libhal_bsp.a(alt_icache_flush.o)
 .debug_frame   0x0000000000000298       0x20 /opt/intelFPGA_lite/22.1.2/nios2eds/bin/gnu/H-x86_64-pc-linux-gnu/bin/../lib/gcc/nios2-elf/12.2.1/../../../../../H-x86_64-pc-linux-gnu/nios2-elf/lib/libsmallc.a(lib_a-memcpy.o)
 .debug_frame   0x00000000000002b8       0x20 /opt/intelFPGA_lite/22.1.2/nios2eds/bin/gnu/H-x86_64-pc-linux-gnu/bin/../lib/gcc/nios2-elf/12.2.1/../../../../../H-x86_64-pc-linux-gnu/nios2-elf/lib/libsmallc.a(lib_a-strlen.o)

.debug_str      0x0000000000000000      0xc57
 *(.debug_str)
 .debug_str     0x0000000000000000       0x72 ../UART_LCD_bsp//obj/HAL/src/crt0.o
 .debug_str     0x0000000000000072      0x3cc obj/default/hello_world_small.o
                                        0x44b (size before relaxing)
 .debug_str     0x000000000000043e       0xc5 ../UART_LCD_bsp//libhal_bsp.a(alt_iic.o)
                                        0x1f3 (size before relaxing)
 .debug_str     0x0000000000000503       0x18 ../UART_LCD_bsp//libhal_bsp.a(alt_iic_isr_register.o)
                                        0x1b2 (size before relaxing)
 .debug_str     0x000000000000051b       0x18 ../UART_LCD_bsp//libhal_bsp.a(alt_irq_entry.o)
                                         0x7b (size before relaxing)
 .debug_str     0x0000000000000533       0x20 ../UART_LCD_bsp//libhal_bsp.a(alt_irq_handler.o)
                                        0x141 (size before relaxing)
 .debug_str     0x0000000000000553       0x12 ../UART_LCD_bsp//libhal_bsp.a(alt_irq_vars.o)
                                         0xf0 (size before relaxing)
 .debug_str     0x0000000000000565      0x111 ../UART_LCD_bsp//libhal_bsp.a(alt_load.o)
                                        0x205 (size before relaxing)
 .debug_str     0x0000000000000676       0x31 ../UART_LCD_bsp//libhal_bsp.a(alt_main.o)
                                        0x135 (size before relaxing)
 .debug_str     0x00000000000006a7       0x58 ../UART_LCD_bsp//libhal_bsp.a(alt_putstr.o)
                                        0x148 (size before relaxing)
 .debug_str     0x00000000000006ff       0x5c ../UART_LCD_bsp//libhal_bsp.a(alt_sys_init.o)
                                        0x187 (size before relaxing)
 .debug_str     0x000000000000075b        0x6 ../UART_LCD_bsp//libhal_bsp.a(altera_avalon_jtag_uart_write.o)
                                        0x159 (size before relaxing)
 .debug_str     0x0000000000000761       0xfa ../UART_LCD_bsp//libhal_bsp.a(alt_dcache_flush_all.o)
 .debug_str     0x0000000000000761       0x1e ../UART_LCD_bsp//libhal_bsp.a(alt_exception_entry.o)
                                         0x81 (size before relaxing)
 .debug_str     0x000000000000077f       0x11 ../UART_LCD_bsp//libhal_bsp.a(alt_icache_flush_all.o)
                                        0x113 (size before relaxing)
 .debug_str     0x0000000000000790      0x461 ../UART_LCD_bsp//libhal_bsp.a(alt_instruction_exception_entry.o)
                                        0x543 (size before relaxing)
 .debug_str     0x0000000000000bf1      0x100 ../UART_LCD_bsp//libhal_bsp.a(altera_nios2_gen2_irq.o)
 .debug_str     0x0000000000000bf1      0x461 ../UART_LCD_bsp//libhal_bsp.a(alt_icache_flush.o)
                                        0x104 (size before relaxing)
 .debug_str     0x0000000000000bf1       0x66 /opt/intelFPGA_lite/22.1.2/nios2eds/bin/gnu/H-x86_64-pc-linux-gnu/bin/../lib/gcc/nios2-elf/12.2.1/../../../../../H-x86_64-pc-linux-gnu/nios2-elf/lib/libsmallc.a(lib_a-memcpy.o)
                                        0x109 (size before relaxing)
 .debug_str     0x0000000000000c57       0xfb /opt/intelFPGA_lite/22.1.2/nios2eds/bin/gnu/H-x86_64-pc-linux-gnu/bin/../lib/gcc/nios2-elf/12.2.1/../../../../../H-x86_64-pc-linux-gnu/nios2-elf/lib/libsmallc.a(lib_a-strlen.o)

.debug_loc
 *(.debug_loc)

.debug_macinfo
 *(.debug_macinfo)

.debug_weaknames
 *(.debug_weaknames)

.debug_funcnames
 *(.debug_funcnames)

.debug_typenames
 *(.debug_typenames)

.debug_varnames
 *(.debug_varnames)

.debug_alt_sim_info
                0x0000000000000000       0x30
 *(.debug_alt_sim_info)
 .debug_alt_sim_info
                0x0000000000000000       0x30 ../UART_LCD_bsp//obj/HAL/src/crt0.o
                0x0000000000006800                __alt_data_end = 0x6800
                0x0000000000006800                PROVIDE (__alt_stack_pointer = __alt_data_end)
                [!provide]                        PROVIDE (__alt_stack_limit = __alt_stack_base)
                [!provide]                        PROVIDE (__alt_heap_start = end)
                [!provide]                        PROVIDE (__alt_heap_limit = 0x6800)
OUTPUT(UART_LCD.elf elf32-littlenios2)
LOAD linker stubs

.debug_ranges   0x0000000000000000       0x70
 .debug_ranges  0x0000000000000000       0x20 ../UART_LCD_bsp//obj/HAL/src/crt0.o
 .debug_ranges  0x0000000000000020       0x28 ../UART_LCD_bsp//libhal_bsp.a(alt_irq_entry.o)
 .debug_ranges  0x0000000000000048       0x28 ../UART_LCD_bsp//libhal_bsp.a(alt_exception_entry.o)

.debug_loclists
                0x0000000000000000      0x6e3
 .debug_loclists
                0x0000000000000000      0x15e obj/default/hello_world_small.o
 .debug_loclists
                0x000000000000015e       0xf9 ../UART_LCD_bsp//libhal_bsp.a(alt_iic.o)
 .debug_loclists
                0x0000000000000257      0x130 ../UART_LCD_bsp//libhal_bsp.a(alt_iic_isr_register.o)
 .debug_loclists
                0x0000000000000387       0x6e ../UART_LCD_bsp//libhal_bsp.a(alt_irq_handler.o)
 .debug_loclists
                0x00000000000003f5       0x2c ../UART_LCD_bsp//libhal_bsp.a(alt_putstr.o)
 .debug_loclists
                0x0000000000000421       0x1e ../UART_LCD_bsp//libhal_bsp.a(alt_sys_init.o)
 .debug_loclists
                0x000000000000043f       0x5e ../UART_LCD_bsp//libhal_bsp.a(altera_avalon_jtag_uart_write.o)
 .debug_loclists
                0x000000000000049d       0x1c ../UART_LCD_bsp//libhal_bsp.a(alt_dcache_flush_all.o)
 .debug_loclists
                0x00000000000004b9       0x82 ../UART_LCD_bsp//libhal_bsp.a(alt_instruction_exception_entry.o)
 .debug_loclists
                0x000000000000053b       0xaa ../UART_LCD_bsp//libhal_bsp.a(alt_icache_flush.o)
 .debug_loclists
                0x00000000000005e5       0xcc /opt/intelFPGA_lite/22.1.2/nios2eds/bin/gnu/H-x86_64-pc-linux-gnu/bin/../lib/gcc/nios2-elf/12.2.1/../../../../../H-x86_64-pc-linux-gnu/nios2-elf/lib/libsmallc.a(lib_a-memcpy.o)
 .debug_loclists
                0x00000000000006b1       0x32 /opt/intelFPGA_lite/22.1.2/nios2eds/bin/gnu/H-x86_64-pc-linux-gnu/bin/../lib/gcc/nios2-elf/12.2.1/../../../../../H-x86_64-pc-linux-gnu/nios2-elf/lib/libsmallc.a(lib_a-strlen.o)

.debug_rnglists
                0x0000000000000000      0x10e
 .debug_rnglists
                0x0000000000000000       0x67 obj/default/hello_world_small.o
 .debug_rnglists
                0x0000000000000067       0x13 ../UART_LCD_bsp//libhal_bsp.a(alt_iic_isr_register.o)
 .debug_rnglists
                0x000000000000007a       0x1f ../UART_LCD_bsp//libhal_bsp.a(alt_irq_handler.o)
 .debug_rnglists
                0x0000000000000099       0x23 ../UART_LCD_bsp//libhal_bsp.a(alt_load.o)
 .debug_rnglists
                0x00000000000000bc       0x19 ../UART_LCD_bsp//libhal_bsp.a(alt_instruction_exception_entry.o)
 .debug_rnglists
                0x00000000000000d5       0x13 ../UART_LCD_bsp//libhal_bsp.a(alt_icache_flush.o)
 .debug_rnglists
                0x00000000000000e8       0x13 /opt/intelFPGA_lite/22.1.2/nios2eds/bin/gnu/H-x86_64-pc-linux-gnu/bin/../lib/gcc/nios2-elf/12.2.1/../../../../../H-x86_64-pc-linux-gnu/nios2-elf/lib/libsmallc.a(lib_a-memcpy.o)
 .debug_rnglists
                0x00000000000000fb       0x13 /opt/intelFPGA_lite/22.1.2/nios2eds/bin/gnu/H-x86_64-pc-linux-gnu/bin/../lib/gcc/nios2-elf/12.2.1/../../../../../H-x86_64-pc-linux-gnu/nios2-elf/lib/libsmallc.a(lib_a-strlen.o)

.debug_line_str
                0x0000000000000000      0x64f
 .debug_line_str
                0x0000000000000000       0xcb obj/default/hello_world_small.o
                                        0x143 (size before relaxing)
 .debug_line_str
                0x00000000000000cb       0xbd ../UART_LCD_bsp//libhal_bsp.a(alt_iic.o)
                                        0x143 (size before relaxing)
 .debug_line_str
                0x0000000000000188       0x2f ../UART_LCD_bsp//libhal_bsp.a(alt_iic_isr_register.o)
                                        0x152 (size before relaxing)
 .debug_line_str
                0x00000000000001b7       0x1a ../UART_LCD_bsp//libhal_bsp.a(alt_irq_handler.o)
                                        0x124 (size before relaxing)
 .debug_line_str
                0x00000000000001d1       0x17 ../UART_LCD_bsp//libhal_bsp.a(alt_irq_vars.o)
                                        0x103 (size before relaxing)
 .debug_line_str
                0x00000000000001e8       0x35 ../UART_LCD_bsp//libhal_bsp.a(alt_load.o)
                                        0x127 (size before relaxing)
 .debug_line_str
                0x000000000000021d       0x22 ../UART_LCD_bsp//libhal_bsp.a(alt_main.o)
                                        0x126 (size before relaxing)
 .debug_line_str
                0x000000000000023f       0xde ../UART_LCD_bsp//libhal_bsp.a(alt_putstr.o)
                                        0x1b0 (size before relaxing)
 .debug_line_str
                0x000000000000031d       0x4f ../UART_LCD_bsp//libhal_bsp.a(alt_sys_init.o)
                                        0x137 (size before relaxing)
 .debug_line_str
                0x000000000000036c       0x38 ../UART_LCD_bsp//libhal_bsp.a(altera_avalon_jtag_uart_write.o)
                                        0x16a (size before relaxing)
 .debug_line_str
                0x00000000000003a4       0x1f ../UART_LCD_bsp//libhal_bsp.a(alt_dcache_flush_all.o)
                                        0x105 (size before relaxing)
 .debug_line_str
                0x00000000000003c3       0x1f ../UART_LCD_bsp//libhal_bsp.a(alt_icache_flush_all.o)
                                        0x135 (size before relaxing)
 .debug_line_str
                0x00000000000003e2       0x3b ../UART_LCD_bsp//libhal_bsp.a(alt_instruction_exception_entry.o)
                                        0x15b (size before relaxing)
 .debug_line_str
                0x000000000000041d       0x20 ../UART_LCD_bsp//libhal_bsp.a(altera_nios2_gen2_irq.o)
                                        0x108 (size before relaxing)
 .debug_line_str
                0x000000000000043d       0x1b ../UART_LCD_bsp//libhal_bsp.a(alt_icache_flush.o)
                                        0x10f (size before relaxing)
 .debug_line_str
                0x0000000000000458      0x1bb /opt/intelFPGA_lite/22.1.2/nios2eds/bin/gnu/H-x86_64-pc-linux-gnu/bin/../lib/gcc/nios2-elf/12.2.1/../../../../../H-x86_64-pc-linux-gnu/nios2-elf/lib/libsmallc.a(lib_a-memcpy.o)
                                        0x296 (size before relaxing)
 .debug_line_str
                0x0000000000000613       0x3c /opt/intelFPGA_lite/22.1.2/nios2eds/bin/gnu/H-x86_64-pc-linux-gnu/bin/../lib/gcc/nios2-elf/12.2.1/../../../../../H-x86_64-pc-linux-gnu/nios2-elf/lib/libsmallc.a(lib_a-strlen.o)
                                        0x296 (size before relaxing)
